============================================================
  Generated by:           Encounter(R) RTL Compiler v12.10-s012_1
  Generated on:           Sep 30 2026  09:32:06 am
  Module:                 Adder_32bit_8_stage
  Technology library:     gpdk045bc 
  Operating conditions:   slow (balanced_tree)
  Wireload mode:          enclosed
  Area mode:              timing library
============================================================

          Pin                Type       Fanout Load Slew Delay Arrival   
                                               (fF) (ps)  (ps)   (ps)    
-------------------------------------------------------------------------
(clock clk)                launch                                    0 R 
a_pipe_reg[0][0]/CK                                  100             0 R 
a_pipe_reg[0][0]/QN        DFFRX4            3  7.0   47  +356     356 R 
g6510/A0N                                                   +0     356   
g6510/Y                    AOI2BB2X4         1  2.2   69  +130     486 R 
g6452/CI                                                    +0     486   
g6452/CO                   ADDFHX1           1  2.2   72  +176     662 R 
g6414/CI                                                    +0     662   
g6414/CO                   ADDFHX1           1  2.1   70  +177     839 R 
g6411/CI                                                    +0     839   
g6411/S                    ADDFHXL           1  0.8   54  +238    1077 F 
g6409/A                                                     +0    1077   
g6409/Y                    CLKINVX1          1  0.8   22   +32    1109 R 
sum_pipe_reg[1][3]918/D    DFFRHQX2                         +0    1109   
sum_pipe_reg[1][3]918/CK   setup                     100   +63    1172 R 
- - - - - - - - - - - - - - - - - - - - - - - - - - - - - - - - - - - - -
(clock clk)                capture                               10000 R 
                           uncertainty                    -100    9900 R 
-------------------------------------------------------------------------
Cost Group   : 'clk' (path_group 'clk')
Timing slack :    8728ps 
Start-point  : a_pipe_reg[0][0]/CK
End-point    : sum_pipe_reg[1][3]918/D
