Checking out license 'RTL_Compiler_Ultra'... (0 seconds elapsed)
Reading GUI preferences file '/home/sudipto-uiu/.cadence/rc.gui'.
Finished loading tool scripts (6 seconds elapsed)

                       Cadence Encounter(R) RTL Compiler
               Version v12.10-s012_1 (32-bit), built Jan 26 2013


Copyright notice: Copyright 1997-2012 Cadence Design Systems, Inc. All rights 
reserved worldwide. 

WARNING: This version of RC is 4995 days old.
         Visit downloads.cadence.com for the latest release of RC.


================================================================================
                  Welcome to Cadence Encounter(R) RTL Compiler

Notice: Upcoming end of support for Linux 32-bit.
Support for Linux 32-bit will be discontinued starting with the RC 13.1 release.
To ensure continued access to the forthcoming releases, RC 13.1 and up, you are
advised to start the transitioning to Linux 64-bit.

Here is a quick introduction on how to access our product information.  
If you do not want this message to appear in the future, create an 
initialization file (an empty file will do) in your home directory 
called '~/.cadence/.synth_init'.

  To access the product documentation in HTML and PDF, type 'cdnshelp'
    at the system prompt. 
  For a list of available commands, type 'help'. 
  To view a man page for a command, type 'man <commandName>'.
  To view a man page for an error message, type 'man <messageID>'.
  For a list of all possible object types, type 'get_attribute -help'.
  For a list of all available attributes by object type, type
    'get_attribute * <object_type> -help'.
  For a list of all attributes for every object type, type
    'get_attribute * * -help'
  To list only writable attributes, substitute 'get_attribute' with
    'set_attribute'.
  To get a template script to run RTL Compiler, use the 'write_template'
    command.
  To get a template script to run Conformal based on the current RTL
    Compiler session, use the 'write_do_lec' command.
  
  Obsolete attributes in the current tool version.
  To learn more, type 'get_attribute -help <attribute> <object>'.

            object  attribute
            ------  ---------
       cpf_command  synthesize_complex_expressions
    cpf_command_id  current_set_instance_macro
    cpf_command_id  current_set_instance_module
    cpf_command_id  done_in_apply_cpf
    cpf_command_id  done_in_write_cpf
    cpf_command_id  macro_definition_command
    cpf_command_id  rc_command
            design  dp_perform_rewriting_operations
            design  lp_map_to_srpg_cells
            design  lp_optimize_dynamic_power_first
            design  lp_srpg_pg_driver
            design  ovf_current_verification_directory
          instance  black_box
          instance  dft_inherited_dont_scan
          instance  lp_map_to_srpg_cells
          instance  lp_map_to_srpg_type
          instance  lp_srpg_pg_driver
           libcell  black_box
           libcell  location
               net  logic0_driven
               net  logic1_driven
              root  auto_ungroup_min_effort
              root  degenerate_complex_seqs
              root  disable_power_mode
              root  dp_area_mode
              root  dp_perform_csa_operations
              root  dp_perform_rewriting_operations
              root  dp_perform_sharing_operations
              root  dp_perform_speculation_operations
              root  enable_parallel_iopt
              root  exact_match_seqs_async_controls
              root  hdl_flatten_array
              root  hdl_old_reg_naming
              root  hdl_reg_naming_style_scalar
              root  hdl_reg_naming_style_vector
              root  hdl_trim_target_index
              root  ignore_unknown_embedded_commands
              root  lbr_async_clr_pre_seqs_interchangable
              root  ovf_mode
              root  ovf_verification_directory
              root  ple_parameter_source_priority
              root  pqos_virtual_buffer
              root  retime_preserve_state_points
              root  wlec_env_var
              root  wlec_flat_r2n
              root  wlec_no_exit
              root  wlec_old_lp_ec_flow
              root  wlec_save_ssion
              root  wlec_sim_lib
              root  wlec_sim_plus_lib
              root  wlec_skip_iso_check_hier_compare
              root  wlec_skip_lvl_check_hier_compare
              root  wlec_verbose
         subdesign  allow_csa_subdesign
         subdesign  allow_sharing_subdesign
         subdesign  allow_speculation_subdesign
         subdesign  auto_ungroup_ok
         subdesign  dp_perform_rewriting_operations

Send us feedback at rc_feedback@cadence.com.
================================================================================

Sourcing './rc_script.tcl' (Wed Sep 30 09:29:55 +0600 2026)...
  Setting attribute of root '/': 'lib_search_path' = ../lib/
  Setting attribute of root '/': 'hdl_search_path' = ../rtl/
Info    : Created nominal operating condition. [LBR-412]
        : Operating condition '_nominal_' was created for the PVT values (1.000000, 1.080000, 125.000000) in library 'slow.lib'.
        : The nominal operating condition represents either the nominal PVT values if specified in the library source, or the default PVT values (1.0, 1.0, 1.0).

  Message Summary for Library slow.lib:
  *************************************
  Found 'statetable' group in cell. [LBR-83]: 16
  Created nominal operating condition. [LBR-412]: 1
 
Info    : Found library cells that are unusable for mapping. [LBR-415]
        : Library: 'slow.lib', Total cells: 477, Usable cells: 452, Cells unusable for mapping: 25.
	List of unusable cells: 'HOLDX1 TLATNCAX12 TLATNCAX2 TLATNCAX20 TLATNCAX6 TLATNSRX4 TLATNSRXL TLATNTSCAX16 TLATNTSCAX4 TLATNTSCAX8 ... and others.'
        : The number of unusable cells that is listed depends on the setting of the 'information_level' root attribute. If set to a value less than 6, the list is limited to 10 unusable cells. If set to a value equal to or higher than 6, all unusable cells are listed.
  Setting attribute of root '/': 'library' = slow.lib
Info    : Found library cells that are unusable for mapping. [LBR-415]
        : Library: 'slow.lib', Total cells: 477, Usable cells: 452, Cells unusable for mapping: 25.
	List of unusable cells: 'HOLDX1 TLATNCAX12 TLATNCAX2 TLATNCAX20 TLATNCAX6 TLATNSRX4 TLATNSRXL TLATNTSCAX16 TLATNTSCAX4 TLATNTSCAX8 ... and others.'
  Library has 324 usable logic and 126 usable sequential lib-cells.
Info    : Elaborating Design. [ELAB-1]
        : Elaborating top-level block 'Adder_32bit_8_stage' from file '../rtl/Adder_32bit_8_stage.v'.
Warning : Using default parameter value for module elaboration. [CDFG-818]
        : Elaborating block 'Adder_32bit_8_stage' with default parameters value.
Warning : Removing unused register. [CDFG-508]
        : Removing unused latch register 'a_pipe[8]' in module 'Adder_32bit_8_stage' in file '../rtl/Adder_32bit_8_stage.v' on line 15.
        : A flip-flop or latch that was inferred for an unused signal or variable was removed. Use 'set_attribute hdl_preserve_unused_registers true /' to preserve the flip-flop or latch.
Warning : Removing unused register. [CDFG-508]
        : Removing unused latch register 'b_pipe[8]' in module 'Adder_32bit_8_stage' in file '../rtl/Adder_32bit_8_stage.v' on line 15.
Warning : Removing unused register. [CDFG-508]
        : Removing unused flip-flop register 'a_pipe[8]' in module 'Adder_32bit_8_stage' in file '../rtl/Adder_32bit_8_stage.v' on line 39.
Warning : Removing unused register. [CDFG-508]
        : Removing unused flip-flop register 'b_pipe[8]' in module 'Adder_32bit_8_stage' in file '../rtl/Adder_32bit_8_stage.v' on line 39.
Warning : Signal or variable has multiple drivers. [CDFG2G-622]
        : 'a_pipe[1]' in module 'Adder_32bit_8_stage' in file '../rtl/Adder_32bit_8_stage.v' on line 46, column 34.
        : This may cause simulation mismatches between the original and synthesized designs.
Warning : Signal or variable has multiple drivers. [CDFG2G-622]
        : 'a_pipe[2]' in module 'Adder_32bit_8_stage' in file '../rtl/Adder_32bit_8_stage.v' on line 46, column 34.
Warning : Signal or variable has multiple drivers. [CDFG2G-622]
        : 'a_pipe[3]' in module 'Adder_32bit_8_stage' in file '../rtl/Adder_32bit_8_stage.v' on line 46, column 34.
Warning : Signal or variable has multiple drivers. [CDFG2G-622]
        : 'a_pipe[4]' in module 'Adder_32bit_8_stage' in file '../rtl/Adder_32bit_8_stage.v' on line 46, column 34.
Warning : Signal or variable has multiple drivers. [CDFG2G-622]
        : 'a_pipe[5]' in module 'Adder_32bit_8_stage' in file '../rtl/Adder_32bit_8_stage.v' on line 46, column 34.
Warning : Signal or variable has multiple drivers. [CDFG2G-622]
        : 'a_pipe[6]' in module 'Adder_32bit_8_stage' in file '../rtl/Adder_32bit_8_stage.v' on line 46, column 34.
Warning : Signal or variable has multiple drivers. [CDFG2G-622]
        : 'a_pipe[7]' in module 'Adder_32bit_8_stage' in file '../rtl/Adder_32bit_8_stage.v' on line 46, column 34.
Warning : Signal or variable has multiple drivers. [CDFG2G-622]
        : 'b_pipe[1]' in module 'Adder_32bit_8_stage' in file '../rtl/Adder_32bit_8_stage.v' on line 47, column 34.
Warning : Signal or variable has multiple drivers. [CDFG2G-622]
        : 'b_pipe[2]' in module 'Adder_32bit_8_stage' in file '../rtl/Adder_32bit_8_stage.v' on line 47, column 34.
Warning : Signal or variable has multiple drivers. [CDFG2G-622]
        : 'b_pipe[3]' in module 'Adder_32bit_8_stage' in file '../rtl/Adder_32bit_8_stage.v' on line 47, column 34.
Warning : Signal or variable has multiple drivers. [CDFG2G-622]
        : 'b_pipe[4]' in module 'Adder_32bit_8_stage' in file '../rtl/Adder_32bit_8_stage.v' on line 47, column 34.
Warning : Signal or variable has multiple drivers. [CDFG2G-622]
        : 'b_pipe[5]' in module 'Adder_32bit_8_stage' in file '../rtl/Adder_32bit_8_stage.v' on line 47, column 34.
Warning : Signal or variable has multiple drivers. [CDFG2G-622]
        : 'b_pipe[6]' in module 'Adder_32bit_8_stage' in file '../rtl/Adder_32bit_8_stage.v' on line 47, column 34.
Warning : Signal or variable has multiple drivers. [CDFG2G-622]
        : 'b_pipe[7]' in module 'Adder_32bit_8_stage' in file '../rtl/Adder_32bit_8_stage.v' on line 47, column 34.
Warning : Signal or variable has multiple drivers. [CDFG2G-622]
        : 'c_pipe[1]' in module 'Adder_32bit_8_stage' in file '../rtl/Adder_32bit_8_stage.v' on line 37, column 104.
Warning : Signal or variable has multiple drivers. [CDFG2G-622]
        : 'c_pipe[2]' in module 'Adder_32bit_8_stage' in file '../rtl/Adder_32bit_8_stage.v' on line 37, column 104.
Warning : Signal or variable has multiple drivers. [CDFG2G-622]
        : 'c_pipe[3]' in module 'Adder_32bit_8_stage' in file '../rtl/Adder_32bit_8_stage.v' on line 37, column 104.
Warning : Signal or variable has multiple drivers. [CDFG2G-622]
        : 'c_pipe[4]' in module 'Adder_32bit_8_stage' in file '../rtl/Adder_32bit_8_stage.v' on line 37, column 104.
Warning : Signal or variable has multiple drivers. [CDFG2G-622]
        : 'c_pipe[5]' in module 'Adder_32bit_8_stage' in file '../rtl/Adder_32bit_8_stage.v' on line 37, column 104.
Warning : Signal or variable has multiple drivers. [CDFG2G-622]
        : 'c_pipe[6]' in module 'Adder_32bit_8_stage' in file '../rtl/Adder_32bit_8_stage.v' on line 37, column 104.
Warning : Signal or variable has multiple drivers. [CDFG2G-622]
        : 'c_pipe[7]' in module 'Adder_32bit_8_stage' in file '../rtl/Adder_32bit_8_stage.v' on line 37, column 104.
Warning : Signal or variable has multiple drivers. [CDFG2G-622]
        : 'sum_pipe[1]' in module 'Adder_32bit_8_stage' in file '../rtl/Adder_32bit_8_stage.v' on line 48, column 34.
Warning : Signal or variable has multiple drivers. [CDFG2G-622]
        : 'sum_pipe[2]' in module 'Adder_32bit_8_stage' in file '../rtl/Adder_32bit_8_stage.v' on line 48, column 34.
Warning : Signal or variable has multiple drivers. [CDFG2G-622]
        : 'sum_pipe[3]' in module 'Adder_32bit_8_stage' in file '../rtl/Adder_32bit_8_stage.v' on line 48, column 34.
Warning : Signal or variable has multiple drivers. [CDFG2G-622]
        : 'sum_pipe[4]' in module 'Adder_32bit_8_stage' in file '../rtl/Adder_32bit_8_stage.v' on line 48, column 34.
Warning : Signal or variable has multiple drivers. [CDFG2G-622]
        : 'sum_pipe[5]' in module 'Adder_32bit_8_stage' in file '../rtl/Adder_32bit_8_stage.v' on line 48, column 34.
Warning : Signal or variable has multiple drivers. [CDFG2G-622]
        : 'sum_pipe[6]' in module 'Adder_32bit_8_stage' in file '../rtl/Adder_32bit_8_stage.v' on line 48, column 34.
Warning : Signal or variable has multiple drivers. [CDFG2G-622]
        : 'sum_pipe[7]' in module 'Adder_32bit_8_stage' in file '../rtl/Adder_32bit_8_stage.v' on line 48, column 34.
Warning : Signal or variable has multiple drivers. [CDFG2G-622]
        : 'c_pipe[8]' in module 'Adder_32bit_8_stage' in file '../rtl/Adder_32bit_8_stage.v' on line 56, column 15.
Warning : Signal or variable has multiple drivers. [CDFG2G-622]
        : 'sum_pipe[8]' in module 'Adder_32bit_8_stage' in file '../rtl/Adder_32bit_8_stage.v' on line 55, column 15.
Info    : Done Elaborating Design. [ELAB-3]
        : Done elaborating 'Adder_32bit_8_stage'.
Warning : Could not find requested search value. [SDC-208] [get_ports]
        : The 'get_ports' command on line '6' of the SDC file '../constraints/Adder_32bit_8_stage.g'  cannot find any ports named 'count'
        : Use the 'cd' and 'ls' commands to browse the virtual directories to find the object because the specified name and/or location does not exist.
Error   : A required object parameter could not be found. [TUI-61] [parse_options]
        : An object of type 'port|pin|port_bus' named '' could not be found.
        : Check to make sure that the object exists and is of the correct type.  The 'what_is' command can be used to determine the type of an object.

Usage: set_output_delay  [-clock <clock>] [-clock_rise] [-clock_fall]
           [-level_sensitive] [-network_latency_included]
           [-source_latency_included] [-max] [-min] [-rise] [-fall] [-add_delay]
           [-name <string>] <float> <port|pin|port_bus>+

    [-clock <clock>]:
        the clock waveform 
    [-clock_rise]:
        rise clock edge 
    [-clock_fall]:
        fall clock edge 
    [-level_sensitive]:
        clocked obj is a latch 
    [-network_latency_included]:
        value includes clock latency 
    [-source_latency_included]:
        value includes clock latency 
    [-max]:
        maximum delays 
    [-min]:
        minimum delays 
    [-rise]:
        rise delays 
    [-fall]:
        fall delays 
    [-add_delay]:
        don't remove existing delays 
    [-name <string>]:
        a name for the external delay object 
    <float>:
        delay value 
    <port|pin|port_bus>+:
        ports to receive the external delay 
Error   : Could not interpret SDC command. [SDC-202] [read_sdc]
        : The 'read_sdc' command encountered an error while processing this command on line '6' of the SDC file '../constraints/Adder_32bit_8_stage.g': set_output_delay -max 1.0 [get_ports 'count'] -clock [get_clocks 'clk'].
        : The 'read_sdc' command encountered a problem while trying to evaluate an SDC command. This SDC command will be added to the Tcl variable $::dc::sdc_failed_commands.
Statistics for commands executed by read_sdc:
 "create_clock"            - successful      1 , failed      0 (runtime  0.00)
 "get_clocks"              - successful      5 , failed      0 (runtime  0.00)
 "get_ports"               - successful      2 , failed      1 (runtime  0.00)
 "set_clock_transition"    - successful      2 , failed      0 (runtime  0.00)
 "set_clock_uncertainty"   - successful      1 , failed      0 (runtime  0.00)
 "set_input_delay"         - successful      1 , failed      0 (runtime  0.00)
 "set_output_delay"        - successful      0 , failed      1 (runtime  0.00)
Warning : Total failed commands during read_sdc are 2
Warning : One or more commands failed when these constraints were applied. [SDC-209]
        : The 'read_sdc' command encountered a problem while processing commands.
        : You can examine the failed commands or save them to a file by querying the Tcl variable $::dc::sdc_failed_commands.
Total runtime 0
Info    : Deleting instances not driving any primary outputs. [GLO-32]
        : Deleting 448 sequential instances.
        : Optimizations such as constant propagation or redundancy removal could change the connections so an instance does not drive any primary outputs anymore. To see the list of deleted instances, set the 'information_level' attribute to 2 or above.
Info    : Deleting instances not driving any primary outputs. [GLO-32]
        : Deleting 33 hierarchical instances.
        Trying carrysave optimization (configuration 1 of 1) on module 'Adder_32bit_8_stage'...
Info    : Done carrysave optimization. [RTLOPT-20]
        : There are 8 CSA groups in module 'Adder_32bit_8_stage'... Accepted.
Info    : Replacing a latch with a logic constant 0. [GLO-14]
        : The instance is 'a_pipe_reg[1][10]'.
        : This optimization was enabled by the root attribute 'optimize_constant_latches'.
Info    : Replacing a latch with a logic constant 0. [GLO-14]
        : The instance is 'a_pipe_reg[1][11]'.
Info    : Replacing a latch with a logic constant 0. [GLO-14]
        : The instance is 'a_pipe_reg[1][12]'.
Info    : Replacing a latch with a logic constant 0. [GLO-14]
        : The instance is 'a_pipe_reg[1][13]'.
Info    : Replacing a latch with a logic constant 0. [GLO-14]
        : The instance is 'a_pipe_reg[1][14]'.
Info    : Replacing a latch with a logic constant 0. [GLO-14]
        : The instance is 'a_pipe_reg[1][15]'.
Info    : Replacing a latch with a logic constant 0. [GLO-14]
        : The instance is 'a_pipe_reg[1][16]'.
Info    : Replacing a latch with a logic constant 0. [GLO-14]
        : The instance is 'a_pipe_reg[1][17]'.
Info    : Replacing a latch with a logic constant 0. [GLO-14]
        : The instance is 'a_pipe_reg[1][18]'.
Info    : Replacing a latch with a logic constant 0. [GLO-14]
        : The instance is 'a_pipe_reg[1][19]'.
Info    : Replacing a latch with a logic constant 0. [GLO-14]
        : The instance is 'a_pipe_reg[1][20]'.
Info    : Replacing a latch with a logic constant 0. [GLO-14]
        : The instance is 'a_pipe_reg[1][21]'.
Info    : Replacing a latch with a logic constant 0. [GLO-14]
        : The instance is 'a_pipe_reg[1][22]'.
Info    : Replacing a latch with a logic constant 0. [GLO-14]
        : The instance is 'a_pipe_reg[1][23]'.
Info    : Replacing a latch with a logic constant 0. [GLO-14]
        : The instance is 'a_pipe_reg[1][24]'.
Info    : Replacing a latch with a logic constant 0. [GLO-14]
        : The instance is 'a_pipe_reg[1][25]'.
Info    : Replacing a latch with a logic constant 0. [GLO-14]
        : The instance is 'a_pipe_reg[1][26]'.
Info    : Replacing a latch with a logic constant 0. [GLO-14]
        : The instance is 'a_pipe_reg[1][27]'.
Info    : Replacing a latch with a logic constant 0. [GLO-14]
        : The instance is 'a_pipe_reg[1][28]'.
Info    : Replacing a latch with a logic constant 0. [GLO-14]
        : The instance is 'a_pipe_reg[1][29]'.
Info    : Replacing a latch with a logic constant 0. [GLO-14]
        : The instance is 'a_pipe_reg[1][30]'.
Info    : Replacing a latch with a logic constant 0. [GLO-14]
        : The instance is 'a_pipe_reg[1][31]'.
Info    : Replacing a latch with a logic constant 0. [GLO-14]
        : The instance is 'a_pipe_reg[1][4]'.
Info    : Replacing a latch with a logic constant 0. [GLO-14]
        : The instance is 'a_pipe_reg[1][5]'.
Info    : Replacing a latch with a logic constant 0. [GLO-14]
        : The instance is 'a_pipe_reg[1][6]'.
Info    : Replacing a latch with a logic constant 0. [GLO-14]
        : The instance is 'a_pipe_reg[1][7]'.
Info    : Replacing a latch with a logic constant 0. [GLO-14]
        : The instance is 'a_pipe_reg[1][8]'.
Info    : Replacing a latch with a logic constant 0. [GLO-14]
        : The instance is 'a_pipe_reg[1][9]'.
Info    : Replacing a latch with a logic constant 0. [GLO-14]
        : The instance is 'a_pipe_reg[2][10]'.
Info    : Replacing a latch with a logic constant 0. [GLO-14]
        : The instance is 'a_pipe_reg[2][11]'.
Info    : Replacing a latch with a logic constant 0. [GLO-14]
        : The instance is 'a_pipe_reg[2][12]'.
Info    : Replacing a latch with a logic constant 0. [GLO-14]
        : The instance is 'a_pipe_reg[2][13]'.
Info    : Replacing a latch with a logic constant 0. [GLO-14]
        : The instance is 'a_pipe_reg[2][14]'.
Info    : Replacing a latch with a logic constant 0. [GLO-14]
        : The instance is 'a_pipe_reg[2][15]'.
Info    : Replacing a latch with a logic constant 0. [GLO-14]
        : The instance is 'a_pipe_reg[2][16]'.
Info    : Replacing a latch with a logic constant 0. [GLO-14]
        : The instance is 'a_pipe_reg[2][17]'.
Info    : Replacing a latch with a logic constant 0. [GLO-14]
        : The instance is 'a_pipe_reg[2][18]'.
Info    : Replacing a latch with a logic constant 0. [GLO-14]
        : The instance is 'a_pipe_reg[2][19]'.
Info    : Replacing a latch with a logic constant 0. [GLO-14]
        : The instance is 'a_pipe_reg[2][20]'.
Info    : Replacing a latch with a logic constant 0. [GLO-14]
        : The instance is 'a_pipe_reg[2][21]'.
Info    : Replacing a latch with a logic constant 0. [GLO-14]
        : The instance is 'a_pipe_reg[2][22]'.
Info    : Replacing a latch with a logic constant 0. [GLO-14]
        : The instance is 'a_pipe_reg[2][23]'.
Info    : Replacing a latch with a logic constant 0. [GLO-14]
        : The instance is 'a_pipe_reg[2][24]'.
Info    : Replacing a latch with a logic constant 0. [GLO-14]
        : The instance is 'a_pipe_reg[2][25]'.
Info    : Replacing a latch with a logic constant 0. [GLO-14]
        : The instance is 'a_pipe_reg[2][26]'.
Info    : Replacing a latch with a logic constant 0. [GLO-14]
        : The instance is 'a_pipe_reg[2][27]'.
Info    : Replacing a latch with a logic constant 0. [GLO-14]
        : The instance is 'a_pipe_reg[2][28]'.
Info    : Replacing a latch with a logic constant 0. [GLO-14]
        : The instance is 'a_pipe_reg[2][29]'.
Info    : Replacing a latch with a logic constant 0. [GLO-14]
        : The instance is 'a_pipe_reg[2][30]'.
Info    : Replacing a latch with a logic constant 0. [GLO-14]
        : The instance is 'a_pipe_reg[2][31]'.
Info    : Replacing a latch with a logic constant 0. [GLO-14]
        : The instance is 'a_pipe_reg[2][8]'.
Info    : Replacing a latch with a logic constant 0. [GLO-14]
        : The instance is 'a_pipe_reg[2][9]'.
Info    : Replacing a latch with a logic constant 0. [GLO-14]
        : The instance is 'a_pipe_reg[3][12]'.
Info    : Replacing a latch with a logic constant 0. [GLO-14]
        : The instance is 'a_pipe_reg[3][13]'.
Info    : Replacing a latch with a logic constant 0. [GLO-14]
        : The instance is 'a_pipe_reg[3][14]'.
Info    : Replacing a latch with a logic constant 0. [GLO-14]
        : The instance is 'a_pipe_reg[3][15]'.
Info    : Replacing a latch with a logic constant 0. [GLO-14]
        : The instance is 'a_pipe_reg[3][16]'.
Info    : Replacing a latch with a logic constant 0. [GLO-14]
        : The instance is 'a_pipe_reg[3][17]'.
Info    : Replacing a latch with a logic constant 0. [GLO-14]
        : The instance is 'a_pipe_reg[3][18]'.
Info    : Replacing a latch with a logic constant 0. [GLO-14]
        : The instance is 'a_pipe_reg[3][19]'.
Info    : Replacing a latch with a logic constant 0. [GLO-14]
        : The instance is 'a_pipe_reg[3][20]'.
Info    : Replacing a latch with a logic constant 0. [GLO-14]
        : The instance is 'a_pipe_reg[3][21]'.
Info    : Replacing a latch with a logic constant 0. [GLO-14]
        : The instance is 'a_pipe_reg[3][22]'.
Info    : Replacing a latch with a logic constant 0. [GLO-14]
        : The instance is 'a_pipe_reg[3][23]'.
Info    : Replacing a latch with a logic constant 0. [GLO-14]
        : The instance is 'a_pipe_reg[3][24]'.
Info    : Replacing a latch with a logic constant 0. [GLO-14]
        : The instance is 'a_pipe_reg[3][25]'.
Info    : Replacing a latch with a logic constant 0. [GLO-14]
        : The instance is 'a_pipe_reg[3][26]'.
Info    : Replacing a latch with a logic constant 0. [GLO-14]
        : The instance is 'a_pipe_reg[3][27]'.
Info    : Replacing a latch with a logic constant 0. [GLO-14]
        : The instance is 'a_pipe_reg[3][28]'.
Info    : Replacing a latch with a logic constant 0. [GLO-14]
        : The instance is 'a_pipe_reg[3][29]'.
Info    : Replacing a latch with a logic constant 0. [GLO-14]
        : The instance is 'a_pipe_reg[3][30]'.
Info    : Replacing a latch with a logic constant 0. [GLO-14]
        : The instance is 'a_pipe_reg[3][31]'.
Info    : Replacing a latch with a logic constant 0. [GLO-14]
        : The instance is 'a_pipe_reg[4][16]'.
Info    : Replacing a latch with a logic constant 0. [GLO-14]
        : The instance is 'a_pipe_reg[4][17]'.
Info    : Replacing a latch with a logic constant 0. [GLO-14]
        : The instance is 'a_pipe_reg[4][18]'.
Info    : Replacing a latch with a logic constant 0. [GLO-14]
        : The instance is 'a_pipe_reg[4][19]'.
Info    : Replacing a latch with a logic constant 0. [GLO-14]
        : The instance is 'a_pipe_reg[4][20]'.
Info    : Replacing a latch with a logic constant 0. [GLO-14]
        : The instance is 'a_pipe_reg[4][21]'.
Info    : Replacing a latch with a logic constant 0. [GLO-14]
        : The instance is 'a_pipe_reg[4][22]'.
Info    : Replacing a latch with a logic constant 0. [GLO-14]
        : The instance is 'a_pipe_reg[4][23]'.
Info    : Replacing a latch with a logic constant 0. [GLO-14]
        : The instance is 'a_pipe_reg[4][24]'.
Info    : Replacing a latch with a logic constant 0. [GLO-14]
        : The instance is 'a_pipe_reg[4][25]'.
Info    : Replacing a latch with a logic constant 0. [GLO-14]
        : The instance is 'a_pipe_reg[4][26]'.
Info    : Replacing a latch with a logic constant 0. [GLO-14]
        : The instance is 'a_pipe_reg[4][27]'.
Info    : Replacing a latch with a logic constant 0. [GLO-14]
        : The instance is 'a_pipe_reg[4][28]'.
Info    : Replacing a latch with a logic constant 0. [GLO-14]
        : The instance is 'a_pipe_reg[4][29]'.
Info    : Replacing a latch with a logic constant 0. [GLO-14]
        : The instance is 'a_pipe_reg[4][30]'.
Info    : Replacing a latch with a logic constant 0. [GLO-14]
        : The instance is 'a_pipe_reg[4][31]'.
Info    : Replacing a latch with a logic constant 0. [GLO-14]
        : The instance is 'a_pipe_reg[5][20]'.
Info    : Replacing a latch with a logic constant 0. [GLO-14]
        : The instance is 'a_pipe_reg[5][21]'.
Info    : Replacing a latch with a logic constant 0. [GLO-14]
        : The instance is 'a_pipe_reg[5][22]'.
Info    : Replacing a latch with a logic constant 0. [GLO-14]
        : The instance is 'a_pipe_reg[5][23]'.
Info    : Replacing a latch with a logic constant 0. [GLO-14]
        : The instance is 'a_pipe_reg[5][24]'.
Info    : Replacing a latch with a logic constant 0. [GLO-14]
        : The instance is 'a_pipe_reg[5][25]'.
Info    : Replacing a latch with a logic constant 0. [GLO-14]
        : The instance is 'a_pipe_reg[5][26]'.
Info    : Replacing a latch with a logic constant 0. [GLO-14]
        : The instance is 'a_pipe_reg[5][27]'.
Info    : Replacing a latch with a logic constant 0. [GLO-14]
        : The instance is 'a_pipe_reg[5][28]'.
Info    : Replacing a latch with a logic constant 0. [GLO-14]
        : The instance is 'a_pipe_reg[5][29]'.
Info    : Replacing a latch with a logic constant 0. [GLO-14]
        : The instance is 'a_pipe_reg[5][30]'.
Info    : Replacing a latch with a logic constant 0. [GLO-14]
        : The instance is 'a_pipe_reg[5][31]'.
Info    : Replacing a latch with a logic constant 0. [GLO-14]
        : The instance is 'a_pipe_reg[6][24]'.
Info    : Replacing a latch with a logic constant 0. [GLO-14]
        : The instance is 'a_pipe_reg[6][25]'.
Info    : Replacing a latch with a logic constant 0. [GLO-14]
        : The instance is 'a_pipe_reg[6][26]'.
Info    : Replacing a latch with a logic constant 0. [GLO-14]
        : The instance is 'a_pipe_reg[6][27]'.
Info    : Replacing a latch with a logic constant 0. [GLO-14]
        : The instance is 'a_pipe_reg[6][28]'.
Info    : Replacing a latch with a logic constant 0. [GLO-14]
        : The instance is 'a_pipe_reg[6][29]'.
Info    : Replacing a latch with a logic constant 0. [GLO-14]
        : The instance is 'a_pipe_reg[6][30]'.
Info    : Replacing a latch with a logic constant 0. [GLO-14]
        : The instance is 'a_pipe_reg[6][31]'.
Info    : Replacing a latch with a logic constant 0. [GLO-14]
        : The instance is 'a_pipe_reg[7][28]'.
Info    : Replacing a latch with a logic constant 0. [GLO-14]
        : The instance is 'a_pipe_reg[7][29]'.
Info    : Replacing a latch with a logic constant 0. [GLO-14]
        : The instance is 'a_pipe_reg[7][30]'.
Info    : Replacing a latch with a logic constant 0. [GLO-14]
        : The instance is 'a_pipe_reg[7][31]'.
Info    : Replacing a latch with a logic constant 0. [GLO-14]
        : The instance is 'b_pipe_reg[1][10]'.
Info    : Replacing a latch with a logic constant 0. [GLO-14]
        : The instance is 'b_pipe_reg[1][11]'.
Info    : Replacing a latch with a logic constant 0. [GLO-14]
        : The instance is 'b_pipe_reg[1][12]'.
Info    : Replacing a latch with a logic constant 0. [GLO-14]
        : The instance is 'b_pipe_reg[1][13]'.
Info    : Replacing a latch with a logic constant 0. [GLO-14]
        : The instance is 'b_pipe_reg[1][14]'.
Info    : Replacing a latch with a logic constant 0. [GLO-14]
        : The instance is 'b_pipe_reg[1][15]'.
Info    : Replacing a latch with a logic constant 0. [GLO-14]
        : The instance is 'b_pipe_reg[1][16]'.
Info    : Replacing a latch with a logic constant 0. [GLO-14]
        : The instance is 'b_pipe_reg[1][17]'.
Info    : Replacing a latch with a logic constant 0. [GLO-14]
        : The instance is 'b_pipe_reg[1][18]'.
Info    : Replacing a latch with a logic constant 0. [GLO-14]
        : The instance is 'b_pipe_reg[1][19]'.
Info    : Replacing a latch with a logic constant 0. [GLO-14]
        : The instance is 'b_pipe_reg[1][20]'.
Info    : Replacing a latch with a logic constant 0. [GLO-14]
        : The instance is 'b_pipe_reg[1][21]'.
Info    : Replacing a latch with a logic constant 0. [GLO-14]
        : The instance is 'b_pipe_reg[1][22]'.
Info    : Replacing a latch with a logic constant 0. [GLO-14]
        : The instance is 'b_pipe_reg[1][23]'.
Info    : Replacing a latch with a logic constant 0. [GLO-14]
        : The instance is 'b_pipe_reg[1][24]'.
Info    : Replacing a latch with a logic constant 0. [GLO-14]
        : The instance is 'b_pipe_reg[1][25]'.
Info    : Replacing a latch with a logic constant 0. [GLO-14]
        : The instance is 'b_pipe_reg[1][26]'.
Info    : Replacing a latch with a logic constant 0. [GLO-14]
        : The instance is 'b_pipe_reg[1][27]'.
Info    : Replacing a latch with a logic constant 0. [GLO-14]
        : The instance is 'b_pipe_reg[1][28]'.
Info    : Replacing a latch with a logic constant 0. [GLO-14]
        : The instance is 'b_pipe_reg[1][29]'.
Info    : Replacing a latch with a logic constant 0. [GLO-14]
        : The instance is 'b_pipe_reg[1][30]'.
Info    : Replacing a latch with a logic constant 0. [GLO-14]
        : The instance is 'b_pipe_reg[1][31]'.
Info    : Replacing a latch with a logic constant 0. [GLO-14]
        : The instance is 'b_pipe_reg[1][4]'.
Info    : Replacing a latch with a logic constant 0. [GLO-14]
        : The instance is 'b_pipe_reg[1][5]'.
Info    : Replacing a latch with a logic constant 0. [GLO-14]
        : The instance is 'b_pipe_reg[1][6]'.
Info    : Replacing a latch with a logic constant 0. [GLO-14]
        : The instance is 'b_pipe_reg[1][7]'.
Info    : Replacing a latch with a logic constant 0. [GLO-14]
        : The instance is 'b_pipe_reg[1][8]'.
Info    : Replacing a latch with a logic constant 0. [GLO-14]
        : The instance is 'b_pipe_reg[1][9]'.
Info    : Replacing a latch with a logic constant 0. [GLO-14]
        : The instance is 'b_pipe_reg[2][10]'.
Info    : Replacing a latch with a logic constant 0. [GLO-14]
        : The instance is 'b_pipe_reg[2][11]'.
Info    : Replacing a latch with a logic constant 0. [GLO-14]
        : The instance is 'b_pipe_reg[2][12]'.
Info    : Replacing a latch with a logic constant 0. [GLO-14]
        : The instance is 'b_pipe_reg[2][13]'.
Info    : Replacing a latch with a logic constant 0. [GLO-14]
        : The instance is 'b_pipe_reg[2][14]'.
Info    : Replacing a latch with a logic constant 0. [GLO-14]
        : The instance is 'b_pipe_reg[2][15]'.
Info    : Replacing a latch with a logic constant 0. [GLO-14]
        : The instance is 'b_pipe_reg[2][16]'.
Info    : Replacing a latch with a logic constant 0. [GLO-14]
        : The instance is 'b_pipe_reg[2][17]'.
Info    : Replacing a latch with a logic constant 0. [GLO-14]
        : The instance is 'b_pipe_reg[2][18]'.
Info    : Replacing a latch with a logic constant 0. [GLO-14]
        : The instance is 'b_pipe_reg[2][19]'.
Info    : Replacing a latch with a logic constant 0. [GLO-14]
        : The instance is 'b_pipe_reg[2][20]'.
Info    : Replacing a latch with a logic constant 0. [GLO-14]
        : The instance is 'b_pipe_reg[2][21]'.
Info    : Replacing a latch with a logic constant 0. [GLO-14]
        : The instance is 'b_pipe_reg[2][22]'.
Info    : Replacing a latch with a logic constant 0. [GLO-14]
        : The instance is 'b_pipe_reg[2][23]'.
Info    : Replacing a latch with a logic constant 0. [GLO-14]
        : The instance is 'b_pipe_reg[2][24]'.
Info    : Replacing a latch with a logic constant 0. [GLO-14]
        : The instance is 'b_pipe_reg[2][25]'.
Info    : Replacing a latch with a logic constant 0. [GLO-14]
        : The instance is 'b_pipe_reg[2][26]'.
Info    : Replacing a latch with a logic constant 0. [GLO-14]
        : The instance is 'b_pipe_reg[2][27]'.
Info    : Replacing a latch with a logic constant 0. [GLO-14]
        : The instance is 'b_pipe_reg[2][28]'.
Info    : Replacing a latch with a logic constant 0. [GLO-14]
        : The instance is 'b_pipe_reg[2][29]'.
Info    : Replacing a latch with a logic constant 0. [GLO-14]
        : The instance is 'b_pipe_reg[2][30]'.
Info    : Replacing a latch with a logic constant 0. [GLO-14]
        : The instance is 'b_pipe_reg[2][31]'.
Info    : Replacing a latch with a logic constant 0. [GLO-14]
        : The instance is 'b_pipe_reg[2][8]'.
Info    : Replacing a latch with a logic constant 0. [GLO-14]
        : The instance is 'b_pipe_reg[2][9]'.
Info    : Replacing a latch with a logic constant 0. [GLO-14]
        : The instance is 'b_pipe_reg[3][12]'.
Info    : Replacing a latch with a logic constant 0. [GLO-14]
        : The instance is 'b_pipe_reg[3][13]'.
Info    : Replacing a latch with a logic constant 0. [GLO-14]
        : The instance is 'b_pipe_reg[3][14]'.
Info    : Replacing a latch with a logic constant 0. [GLO-14]
        : The instance is 'b_pipe_reg[3][15]'.
Info    : Replacing a latch with a logic constant 0. [GLO-14]
        : The instance is 'b_pipe_reg[3][16]'.
Info    : Replacing a latch with a logic constant 0. [GLO-14]
        : The instance is 'b_pipe_reg[3][17]'.
Info    : Replacing a latch with a logic constant 0. [GLO-14]
        : The instance is 'b_pipe_reg[3][18]'.
Info    : Replacing a latch with a logic constant 0. [GLO-14]
        : The instance is 'b_pipe_reg[3][19]'.
Info    : Replacing a latch with a logic constant 0. [GLO-14]
        : The instance is 'b_pipe_reg[3][20]'.
Info    : Replacing a latch with a logic constant 0. [GLO-14]
        : The instance is 'b_pipe_reg[3][21]'.
Info    : Replacing a latch with a logic constant 0. [GLO-14]
        : The instance is 'b_pipe_reg[3][22]'.
Info    : Replacing a latch with a logic constant 0. [GLO-14]
        : The instance is 'b_pipe_reg[3][23]'.
Info    : Replacing a latch with a logic constant 0. [GLO-14]
        : The instance is 'b_pipe_reg[3][24]'.
Info    : Replacing a latch with a logic constant 0. [GLO-14]
        : The instance is 'b_pipe_reg[3][25]'.
Info    : Replacing a latch with a logic constant 0. [GLO-14]
        : The instance is 'b_pipe_reg[3][26]'.
Info    : Replacing a latch with a logic constant 0. [GLO-14]
        : The instance is 'b_pipe_reg[3][27]'.
Info    : Replacing a latch with a logic constant 0. [GLO-14]
        : The instance is 'b_pipe_reg[3][28]'.
Info    : Replacing a latch with a logic constant 0. [GLO-14]
        : The instance is 'b_pipe_reg[3][29]'.
Info    : Replacing a latch with a logic constant 0. [GLO-14]
        : The instance is 'b_pipe_reg[3][30]'.
Info    : Replacing a latch with a logic constant 0. [GLO-14]
        : The instance is 'b_pipe_reg[3][31]'.
Info    : Replacing a latch with a logic constant 0. [GLO-14]
        : The instance is 'b_pipe_reg[4][16]'.
Info    : Replacing a latch with a logic constant 0. [GLO-14]
        : The instance is 'b_pipe_reg[4][17]'.
Info    : Replacing a latch with a logic constant 0. [GLO-14]
        : The instance is 'b_pipe_reg[4][18]'.
Info    : Replacing a latch with a logic constant 0. [GLO-14]
        : The instance is 'b_pipe_reg[4][19]'.
Info    : Replacing a latch with a logic constant 0. [GLO-14]
        : The instance is 'b_pipe_reg[4][20]'.
Info    : Replacing a latch with a logic constant 0. [GLO-14]
        : The instance is 'b_pipe_reg[4][21]'.
Info    : Replacing a latch with a logic constant 0. [GLO-14]
        : The instance is 'b_pipe_reg[4][22]'.
Info    : Replacing a latch with a logic constant 0. [GLO-14]
        : The instance is 'b_pipe_reg[4][23]'.
Info    : Replacing a latch with a logic constant 0. [GLO-14]
        : The instance is 'b_pipe_reg[4][24]'.
Info    : Replacing a latch with a logic constant 0. [GLO-14]
        : The instance is 'b_pipe_reg[4][25]'.
Info    : Replacing a latch with a logic constant 0. [GLO-14]
        : The instance is 'b_pipe_reg[4][26]'.
Info    : Replacing a latch with a logic constant 0. [GLO-14]
        : The instance is 'b_pipe_reg[4][27]'.
Info    : Replacing a latch with a logic constant 0. [GLO-14]
        : The instance is 'b_pipe_reg[4][28]'.
Info    : Replacing a latch with a logic constant 0. [GLO-14]
        : The instance is 'b_pipe_reg[4][29]'.
Info    : Replacing a latch with a logic constant 0. [GLO-14]
        : The instance is 'b_pipe_reg[4][30]'.
Info    : Replacing a latch with a logic constant 0. [GLO-14]
        : The instance is 'b_pipe_reg[4][31]'.
Info    : Replacing a latch with a logic constant 0. [GLO-14]
        : The instance is 'b_pipe_reg[5][20]'.
Info    : Replacing a latch with a logic constant 0. [GLO-14]
        : The instance is 'b_pipe_reg[5][21]'.
Info    : Replacing a latch with a logic constant 0. [GLO-14]
        : The instance is 'b_pipe_reg[5][22]'.
Info    : Replacing a latch with a logic constant 0. [GLO-14]
        : The instance is 'b_pipe_reg[5][23]'.
Info    : Replacing a latch with a logic constant 0. [GLO-14]
        : The instance is 'b_pipe_reg[5][24]'.
Info    : Replacing a latch with a logic constant 0. [GLO-14]
        : The instance is 'b_pipe_reg[5][25]'.
Info    : Replacing a latch with a logic constant 0. [GLO-14]
        : The instance is 'b_pipe_reg[5][26]'.
Info    : Replacing a latch with a logic constant 0. [GLO-14]
        : The instance is 'b_pipe_reg[5][27]'.
Info    : Replacing a latch with a logic constant 0. [GLO-14]
        : The instance is 'b_pipe_reg[5][28]'.
Info    : Replacing a latch with a logic constant 0. [GLO-14]
        : The instance is 'b_pipe_reg[5][29]'.
Info    : Replacing a latch with a logic constant 0. [GLO-14]
        : The instance is 'b_pipe_reg[5][30]'.
Info    : Replacing a latch with a logic constant 0. [GLO-14]
        : The instance is 'b_pipe_reg[5][31]'.
Info    : Replacing a latch with a logic constant 0. [GLO-14]
        : The instance is 'b_pipe_reg[6][24]'.
Info    : Replacing a latch with a logic constant 0. [GLO-14]
        : The instance is 'b_pipe_reg[6][25]'.
Info    : Replacing a latch with a logic constant 0. [GLO-14]
        : The instance is 'b_pipe_reg[6][26]'.
Info    : Replacing a latch with a logic constant 0. [GLO-14]
        : The instance is 'b_pipe_reg[6][27]'.
Info    : Replacing a latch with a logic constant 0. [GLO-14]
        : The instance is 'b_pipe_reg[6][28]'.
Info    : Replacing a latch with a logic constant 0. [GLO-14]
        : The instance is 'b_pipe_reg[6][29]'.
Info    : Replacing a latch with a logic constant 0. [GLO-14]
        : The instance is 'b_pipe_reg[6][30]'.
Info    : Replacing a latch with a logic constant 0. [GLO-14]
        : The instance is 'b_pipe_reg[6][31]'.
Info    : Replacing a latch with a logic constant 0. [GLO-14]
        : The instance is 'b_pipe_reg[7][28]'.
Info    : Replacing a latch with a logic constant 0. [GLO-14]
        : The instance is 'b_pipe_reg[7][29]'.
Info    : Replacing a latch with a logic constant 0. [GLO-14]
        : The instance is 'b_pipe_reg[7][30]'.
Info    : Replacing a latch with a logic constant 0. [GLO-14]
        : The instance is 'b_pipe_reg[7][31]'.
Info    : Replacing a latch with a logic constant 0. [GLO-14]
        : The instance is 'c_pipe_reg[1]'.
Info    : Replacing a latch with a logic constant 0. [GLO-14]
        : The instance is 'c_pipe_reg[2]'.
Info    : Replacing a latch with a logic constant 0. [GLO-14]
        : The instance is 'c_pipe_reg[3]'.
Info    : Replacing a latch with a logic constant 0. [GLO-14]
        : The instance is 'c_pipe_reg[4]'.
Info    : Replacing a latch with a logic constant 0. [GLO-14]
        : The instance is 'c_pipe_reg[5]'.
Info    : Replacing a latch with a logic constant 0. [GLO-14]
        : The instance is 'c_pipe_reg[6]'.
Info    : Replacing a latch with a logic constant 0. [GLO-14]
        : The instance is 'c_pipe_reg[7]'.
Info    : Replacing a latch with a logic constant 0. [GLO-14]
        : The instance is 'c_pipe_reg[8]'.
Info    : Replacing a latch with a logic constant 0. [GLO-14]
        : The instance is 'sum_pipe_reg[1][0]'.
Info    : Replacing a latch with a logic constant 0. [GLO-14]
        : The instance is 'sum_pipe_reg[1][10]'.
Info    : Replacing a latch with a logic constant 0. [GLO-14]
        : The instance is 'sum_pipe_reg[1][11]'.
Info    : Replacing a latch with a logic constant 0. [GLO-14]
        : The instance is 'sum_pipe_reg[1][12]'.
Info    : Replacing a latch with a logic constant 0. [GLO-14]
        : The instance is 'sum_pipe_reg[1][13]'.
Info    : Replacing a latch with a logic constant 0. [GLO-14]
        : The instance is 'sum_pipe_reg[1][14]'.
Info    : Replacing a latch with a logic constant 0. [GLO-14]
        : The instance is 'sum_pipe_reg[1][15]'.
Info    : Replacing a latch with a logic constant 0. [GLO-14]
        : The instance is 'sum_pipe_reg[1][16]'.
Info    : Replacing a latch with a logic constant 0. [GLO-14]
        : The instance is 'sum_pipe_reg[1][17]'.
Info    : Replacing a latch with a logic constant 0. [GLO-14]
        : The instance is 'sum_pipe_reg[1][18]'.
Info    : Replacing a latch with a logic constant 0. [GLO-14]
        : The instance is 'sum_pipe_reg[1][19]'.
Info    : Replacing a latch with a logic constant 0. [GLO-14]
        : The instance is 'sum_pipe_reg[1][1]'.
Info    : Replacing a latch with a logic constant 0. [GLO-14]
        : The instance is 'sum_pipe_reg[1][20]'.
Info    : Replacing a latch with a logic constant 0. [GLO-14]
        : The instance is 'sum_pipe_reg[1][21]'.
Info    : Replacing a latch with a logic constant 0. [GLO-14]
        : The instance is 'sum_pipe_reg[1][22]'.
Info    : Replacing a latch with a logic constant 0. [GLO-14]
        : The instance is 'sum_pipe_reg[1][23]'.
Info    : Replacing a latch with a logic constant 0. [GLO-14]
        : The instance is 'sum_pipe_reg[1][24]'.
Info    : Replacing a latch with a logic constant 0. [GLO-14]
        : The instance is 'sum_pipe_reg[1][25]'.
Info    : Replacing a latch with a logic constant 0. [GLO-14]
        : The instance is 'sum_pipe_reg[1][26]'.
Info    : Replacing a latch with a logic constant 0. [GLO-14]
        : The instance is 'sum_pipe_reg[1][27]'.
Info    : Replacing a latch with a logic constant 0. [GLO-14]
        : The instance is 'sum_pipe_reg[1][28]'.
Info    : Replacing a latch with a logic constant 0. [GLO-14]
        : The instance is 'sum_pipe_reg[1][29]'.
Info    : Replacing a latch with a logic constant 0. [GLO-14]
        : The instance is 'sum_pipe_reg[1][2]'.
Info    : Replacing a latch with a logic constant 0. [GLO-14]
        : The instance is 'sum_pipe_reg[1][30]'.
Info    : Replacing a latch with a logic constant 0. [GLO-14]
        : The instance is 'sum_pipe_reg[1][31]'.
Info    : Replacing a latch with a logic constant 0. [GLO-14]
        : The instance is 'sum_pipe_reg[1][3]'.
Info    : Replacing a latch with a logic constant 0. [GLO-14]
        : The instance is 'sum_pipe_reg[1][4]'.
Info    : Replacing a latch with a logic constant 0. [GLO-14]
        : The instance is 'sum_pipe_reg[1][5]'.
Info    : Replacing a latch with a logic constant 0. [GLO-14]
        : The instance is 'sum_pipe_reg[1][6]'.
Info    : Replacing a latch with a logic constant 0. [GLO-14]
        : The instance is 'sum_pipe_reg[1][7]'.
Info    : Replacing a latch with a logic constant 0. [GLO-14]
        : The instance is 'sum_pipe_reg[1][8]'.
Info    : Replacing a latch with a logic constant 0. [GLO-14]
        : The instance is 'sum_pipe_reg[1][9]'.
Info    : Replacing a latch with a logic constant 0. [GLO-14]
        : The instance is 'sum_pipe_reg[2][0]'.
Info    : Replacing a latch with a logic constant 0. [GLO-14]
        : The instance is 'sum_pipe_reg[2][10]'.
Info    : Replacing a latch with a logic constant 0. [GLO-14]
        : The instance is 'sum_pipe_reg[2][11]'.
Info    : Replacing a latch with a logic constant 0. [GLO-14]
        : The instance is 'sum_pipe_reg[2][12]'.
Info    : Replacing a latch with a logic constant 0. [GLO-14]
        : The instance is 'sum_pipe_reg[2][13]'.
Info    : Replacing a latch with a logic constant 0. [GLO-14]
        : The instance is 'sum_pipe_reg[2][14]'.
Info    : Replacing a latch with a logic constant 0. [GLO-14]
        : The instance is 'sum_pipe_reg[2][15]'.
Info    : Replacing a latch with a logic constant 0. [GLO-14]
        : The instance is 'sum_pipe_reg[2][16]'.
Info    : Replacing a latch with a logic constant 0. [GLO-14]
        : The instance is 'sum_pipe_reg[2][17]'.
Info    : Replacing a latch with a logic constant 0. [GLO-14]
        : The instance is 'sum_pipe_reg[2][18]'.
Info    : Replacing a latch with a logic constant 0. [GLO-14]
        : The instance is 'sum_pipe_reg[2][19]'.
Info    : Replacing a latch with a logic constant 0. [GLO-14]
        : The instance is 'sum_pipe_reg[2][1]'.
Info    : Replacing a latch with a logic constant 0. [GLO-14]
        : The instance is 'sum_pipe_reg[2][20]'.
Info    : Replacing a latch with a logic constant 0. [GLO-14]
        : The instance is 'sum_pipe_reg[2][21]'.
Info    : Replacing a latch with a logic constant 0. [GLO-14]
        : The instance is 'sum_pipe_reg[2][22]'.
Info    : Replacing a latch with a logic constant 0. [GLO-14]
        : The instance is 'sum_pipe_reg[2][23]'.
Info    : Replacing a latch with a logic constant 0. [GLO-14]
        : The instance is 'sum_pipe_reg[2][24]'.
Info    : Replacing a latch with a logic constant 0. [GLO-14]
        : The instance is 'sum_pipe_reg[2][25]'.
Info    : Replacing a latch with a logic constant 0. [GLO-14]
        : The instance is 'sum_pipe_reg[2][26]'.
Info    : Replacing a latch with a logic constant 0. [GLO-14]
        : The instance is 'sum_pipe_reg[2][27]'.
Info    : Replacing a latch with a logic constant 0. [GLO-14]
        : The instance is 'sum_pipe_reg[2][28]'.
Info    : Replacing a latch with a logic constant 0. [GLO-14]
        : The instance is 'sum_pipe_reg[2][29]'.
Info    : Replacing a latch with a logic constant 0. [GLO-14]
        : The instance is 'sum_pipe_reg[2][2]'.
Info    : Replacing a latch with a logic constant 0. [GLO-14]
        : The instance is 'sum_pipe_reg[2][30]'.
Info    : Replacing a latch with a logic constant 0. [GLO-14]
        : The instance is 'sum_pipe_reg[2][31]'.
Info    : Replacing a latch with a logic constant 0. [GLO-14]
        : The instance is 'sum_pipe_reg[2][3]'.
Info    : Replacing a latch with a logic constant 0. [GLO-14]
        : The instance is 'sum_pipe_reg[2][4]'.
Info    : Replacing a latch with a logic constant 0. [GLO-14]
        : The instance is 'sum_pipe_reg[2][5]'.
Info    : Replacing a latch with a logic constant 0. [GLO-14]
        : The instance is 'sum_pipe_reg[2][6]'.
Info    : Replacing a latch with a logic constant 0. [GLO-14]
        : The instance is 'sum_pipe_reg[2][7]'.
Info    : Replacing a latch with a logic constant 0. [GLO-14]
        : The instance is 'sum_pipe_reg[2][8]'.
Info    : Replacing a latch with a logic constant 0. [GLO-14]
        : The instance is 'sum_pipe_reg[2][9]'.
Info    : Replacing a latch with a logic constant 0. [GLO-14]
        : The instance is 'sum_pipe_reg[3][0]'.
Info    : Replacing a latch with a logic constant 0. [GLO-14]
        : The instance is 'sum_pipe_reg[3][10]'.
Info    : Replacing a latch with a logic constant 0. [GLO-14]
        : The instance is 'sum_pipe_reg[3][11]'.
Info    : Replacing a latch with a logic constant 0. [GLO-14]
        : The instance is 'sum_pipe_reg[3][12]'.
Info    : Replacing a latch with a logic constant 0. [GLO-14]
        : The instance is 'sum_pipe_reg[3][13]'.
Info    : Replacing a latch with a logic constant 0. [GLO-14]
        : The instance is 'sum_pipe_reg[3][14]'.
Info    : Replacing a latch with a logic constant 0. [GLO-14]
        : The instance is 'sum_pipe_reg[3][15]'.
Info    : Replacing a latch with a logic constant 0. [GLO-14]
        : The instance is 'sum_pipe_reg[3][16]'.
Info    : Replacing a latch with a logic constant 0. [GLO-14]
        : The instance is 'sum_pipe_reg[3][17]'.
Info    : Replacing a latch with a logic constant 0. [GLO-14]
        : The instance is 'sum_pipe_reg[3][18]'.
Info    : Replacing a latch with a logic constant 0. [GLO-14]
        : The instance is 'sum_pipe_reg[3][19]'.
Info    : Replacing a latch with a logic constant 0. [GLO-14]
        : The instance is 'sum_pipe_reg[3][1]'.
Info    : Replacing a latch with a logic constant 0. [GLO-14]
        : The instance is 'sum_pipe_reg[3][20]'.
Info    : Replacing a latch with a logic constant 0. [GLO-14]
        : The instance is 'sum_pipe_reg[3][21]'.
Info    : Replacing a latch with a logic constant 0. [GLO-14]
        : The instance is 'sum_pipe_reg[3][22]'.
Info    : Replacing a latch with a logic constant 0. [GLO-14]
        : The instance is 'sum_pipe_reg[3][23]'.
Info    : Replacing a latch with a logic constant 0. [GLO-14]
        : The instance is 'sum_pipe_reg[3][24]'.
Info    : Replacing a latch with a logic constant 0. [GLO-14]
        : The instance is 'sum_pipe_reg[3][25]'.
Info    : Replacing a latch with a logic constant 0. [GLO-14]
        : The instance is 'sum_pipe_reg[3][26]'.
Info    : Replacing a latch with a logic constant 0. [GLO-14]
        : The instance is 'sum_pipe_reg[3][27]'.
Info    : Replacing a latch with a logic constant 0. [GLO-14]
        : The instance is 'sum_pipe_reg[3][28]'.
Info    : Replacing a latch with a logic constant 0. [GLO-14]
        : The instance is 'sum_pipe_reg[3][29]'.
Info    : Replacing a latch with a logic constant 0. [GLO-14]
        : The instance is 'sum_pipe_reg[3][2]'.
Info    : Replacing a latch with a logic constant 0. [GLO-14]
        : The instance is 'sum_pipe_reg[3][30]'.
Info    : Replacing a latch with a logic constant 0. [GLO-14]
        : The instance is 'sum_pipe_reg[3][31]'.
Info    : Replacing a latch with a logic constant 0. [GLO-14]
        : The instance is 'sum_pipe_reg[3][3]'.
Info    : Replacing a latch with a logic constant 0. [GLO-14]
        : The instance is 'sum_pipe_reg[3][4]'.
Info    : Replacing a latch with a logic constant 0. [GLO-14]
        : The instance is 'sum_pipe_reg[3][5]'.
Info    : Replacing a latch with a logic constant 0. [GLO-14]
        : The instance is 'sum_pipe_reg[3][6]'.
Info    : Replacing a latch with a logic constant 0. [GLO-14]
        : The instance is 'sum_pipe_reg[3][7]'.
Info    : Replacing a latch with a logic constant 0. [GLO-14]
        : The instance is 'sum_pipe_reg[3][8]'.
Info    : Replacing a latch with a logic constant 0. [GLO-14]
        : The instance is 'sum_pipe_reg[3][9]'.
Info    : Replacing a latch with a logic constant 0. [GLO-14]
        : The instance is 'sum_pipe_reg[4][0]'.
Info    : Replacing a latch with a logic constant 0. [GLO-14]
        : The instance is 'sum_pipe_reg[4][10]'.
Info    : Replacing a latch with a logic constant 0. [GLO-14]
        : The instance is 'sum_pipe_reg[4][11]'.
Info    : Replacing a latch with a logic constant 0. [GLO-14]
        : The instance is 'sum_pipe_reg[4][12]'.
Info    : Replacing a latch with a logic constant 0. [GLO-14]
        : The instance is 'sum_pipe_reg[4][13]'.
Info    : Replacing a latch with a logic constant 0. [GLO-14]
        : The instance is 'sum_pipe_reg[4][14]'.
Info    : Replacing a latch with a logic constant 0. [GLO-14]
        : The instance is 'sum_pipe_reg[4][15]'.
Info    : Replacing a latch with a logic constant 0. [GLO-14]
        : The instance is 'sum_pipe_reg[4][16]'.
Info    : Replacing a latch with a logic constant 0. [GLO-14]
        : The instance is 'sum_pipe_reg[4][17]'.
Info    : Replacing a latch with a logic constant 0. [GLO-14]
        : The instance is 'sum_pipe_reg[4][18]'.
Info    : Replacing a latch with a logic constant 0. [GLO-14]
        : The instance is 'sum_pipe_reg[4][19]'.
Info    : Replacing a latch with a logic constant 0. [GLO-14]
        : The instance is 'sum_pipe_reg[4][1]'.
Info    : Replacing a latch with a logic constant 0. [GLO-14]
        : The instance is 'sum_pipe_reg[4][20]'.
Info    : Replacing a latch with a logic constant 0. [GLO-14]
        : The instance is 'sum_pipe_reg[4][21]'.
Info    : Replacing a latch with a logic constant 0. [GLO-14]
        : The instance is 'sum_pipe_reg[4][22]'.
Info    : Replacing a latch with a logic constant 0. [GLO-14]
        : The instance is 'sum_pipe_reg[4][23]'.
Info    : Replacing a latch with a logic constant 0. [GLO-14]
        : The instance is 'sum_pipe_reg[4][24]'.
Info    : Replacing a latch with a logic constant 0. [GLO-14]
        : The instance is 'sum_pipe_reg[4][25]'.
Info    : Replacing a latch with a logic constant 0. [GLO-14]
        : The instance is 'sum_pipe_reg[4][26]'.
Info    : Replacing a latch with a logic constant 0. [GLO-14]
        : The instance is 'sum_pipe_reg[4][27]'.
Info    : Replacing a latch with a logic constant 0. [GLO-14]
        : The instance is 'sum_pipe_reg[4][28]'.
Info    : Replacing a latch with a logic constant 0. [GLO-14]
        : The instance is 'sum_pipe_reg[4][29]'.
Info    : Replacing a latch with a logic constant 0. [GLO-14]
        : The instance is 'sum_pipe_reg[4][2]'.
Info    : Replacing a latch with a logic constant 0. [GLO-14]
        : The instance is 'sum_pipe_reg[4][30]'.
Info    : Replacing a latch with a logic constant 0. [GLO-14]
        : The instance is 'sum_pipe_reg[4][31]'.
Info    : Replacing a latch with a logic constant 0. [GLO-14]
        : The instance is 'sum_pipe_reg[4][3]'.
Info    : Replacing a latch with a logic constant 0. [GLO-14]
        : The instance is 'sum_pipe_reg[4][4]'.
Info    : Replacing a latch with a logic constant 0. [GLO-14]
        : The instance is 'sum_pipe_reg[4][5]'.
Info    : Replacing a latch with a logic constant 0. [GLO-14]
        : The instance is 'sum_pipe_reg[4][6]'.
Info    : Replacing a latch with a logic constant 0. [GLO-14]
        : The instance is 'sum_pipe_reg[4][7]'.
Info    : Replacing a latch with a logic constant 0. [GLO-14]
        : The instance is 'sum_pipe_reg[4][8]'.
Info    : Replacing a latch with a logic constant 0. [GLO-14]
        : The instance is 'sum_pipe_reg[4][9]'.
Info    : Replacing a latch with a logic constant 0. [GLO-14]
        : The instance is 'sum_pipe_reg[5][0]'.
Info    : Replacing a latch with a logic constant 0. [GLO-14]
        : The instance is 'sum_pipe_reg[5][10]'.
Info    : Replacing a latch with a logic constant 0. [GLO-14]
        : The instance is 'sum_pipe_reg[5][11]'.
Info    : Replacing a latch with a logic constant 0. [GLO-14]
        : The instance is 'sum_pipe_reg[5][12]'.
Info    : Replacing a latch with a logic constant 0. [GLO-14]
        : The instance is 'sum_pipe_reg[5][13]'.
Info    : Replacing a latch with a logic constant 0. [GLO-14]
        : The instance is 'sum_pipe_reg[5][14]'.
Info    : Replacing a latch with a logic constant 0. [GLO-14]
        : The instance is 'sum_pipe_reg[5][15]'.
Info    : Replacing a latch with a logic constant 0. [GLO-14]
        : The instance is 'sum_pipe_reg[5][16]'.
Info    : Replacing a latch with a logic constant 0. [GLO-14]
        : The instance is 'sum_pipe_reg[5][17]'.
Info    : Replacing a latch with a logic constant 0. [GLO-14]
        : The instance is 'sum_pipe_reg[5][18]'.
Info    : Replacing a latch with a logic constant 0. [GLO-14]
        : The instance is 'sum_pipe_reg[5][19]'.
Info    : Replacing a latch with a logic constant 0. [GLO-14]
        : The instance is 'sum_pipe_reg[5][1]'.
Info    : Replacing a latch with a logic constant 0. [GLO-14]
        : The instance is 'sum_pipe_reg[5][20]'.
Info    : Replacing a latch with a logic constant 0. [GLO-14]
        : The instance is 'sum_pipe_reg[5][21]'.
Info    : Replacing a latch with a logic constant 0. [GLO-14]
        : The instance is 'sum_pipe_reg[5][22]'.
Info    : Replacing a latch with a logic constant 0. [GLO-14]
        : The instance is 'sum_pipe_reg[5][23]'.
Info    : Replacing a latch with a logic constant 0. [GLO-14]
        : The instance is 'sum_pipe_reg[5][24]'.
Info    : Replacing a latch with a logic constant 0. [GLO-14]
        : The instance is 'sum_pipe_reg[5][25]'.
Info    : Replacing a latch with a logic constant 0. [GLO-14]
        : The instance is 'sum_pipe_reg[5][26]'.
Info    : Replacing a latch with a logic constant 0. [GLO-14]
        : The instance is 'sum_pipe_reg[5][27]'.
Info    : Replacing a latch with a logic constant 0. [GLO-14]
        : The instance is 'sum_pipe_reg[5][28]'.
Info    : Replacing a latch with a logic constant 0. [GLO-14]
        : The instance is 'sum_pipe_reg[5][29]'.
Info    : Replacing a latch with a logic constant 0. [GLO-14]
        : The instance is 'sum_pipe_reg[5][2]'.
Info    : Replacing a latch with a logic constant 0. [GLO-14]
        : The instance is 'sum_pipe_reg[5][30]'.
Info    : Replacing a latch with a logic constant 0. [GLO-14]
        : The instance is 'sum_pipe_reg[5][31]'.
Info    : Replacing a latch with a logic constant 0. [GLO-14]
        : The instance is 'sum_pipe_reg[5][3]'.
Info    : Replacing a latch with a logic constant 0. [GLO-14]
        : The instance is 'sum_pipe_reg[5][4]'.
Info    : Replacing a latch with a logic constant 0. [GLO-14]
        : The instance is 'sum_pipe_reg[5][5]'.
Info    : Replacing a latch with a logic constant 0. [GLO-14]
        : The instance is 'sum_pipe_reg[5][6]'.
Info    : Replacing a latch with a logic constant 0. [GLO-14]
        : The instance is 'sum_pipe_reg[5][7]'.
Info    : Replacing a latch with a logic constant 0. [GLO-14]
        : The instance is 'sum_pipe_reg[5][8]'.
Info    : Replacing a latch with a logic constant 0. [GLO-14]
        : The instance is 'sum_pipe_reg[5][9]'.
Info    : Replacing a latch with a logic constant 0. [GLO-14]
        : The instance is 'sum_pipe_reg[6][0]'.
Info    : Replacing a latch with a logic constant 0. [GLO-14]
        : The instance is 'sum_pipe_reg[6][10]'.
Info    : Replacing a latch with a logic constant 0. [GLO-14]
        : The instance is 'sum_pipe_reg[6][11]'.
Info    : Replacing a latch with a logic constant 0. [GLO-14]
        : The instance is 'sum_pipe_reg[6][12]'.
Info    : Replacing a latch with a logic constant 0. [GLO-14]
        : The instance is 'sum_pipe_reg[6][13]'.
Info    : Replacing a latch with a logic constant 0. [GLO-14]
        : The instance is 'sum_pipe_reg[6][14]'.
Info    : Replacing a latch with a logic constant 0. [GLO-14]
        : The instance is 'sum_pipe_reg[6][15]'.
Info    : Replacing a latch with a logic constant 0. [GLO-14]
        : The instance is 'sum_pipe_reg[6][16]'.
Info    : Replacing a latch with a logic constant 0. [GLO-14]
        : The instance is 'sum_pipe_reg[6][17]'.
Info    : Replacing a latch with a logic constant 0. [GLO-14]
        : The instance is 'sum_pipe_reg[6][18]'.
Info    : Replacing a latch with a logic constant 0. [GLO-14]
        : The instance is 'sum_pipe_reg[6][19]'.
Info    : Replacing a latch with a logic constant 0. [GLO-14]
        : The instance is 'sum_pipe_reg[6][1]'.
Info    : Replacing a latch with a logic constant 0. [GLO-14]
        : The instance is 'sum_pipe_reg[6][20]'.
Info    : Replacing a latch with a logic constant 0. [GLO-14]
        : The instance is 'sum_pipe_reg[6][21]'.
Info    : Replacing a latch with a logic constant 0. [GLO-14]
        : The instance is 'sum_pipe_reg[6][22]'.
Info    : Replacing a latch with a logic constant 0. [GLO-14]
        : The instance is 'sum_pipe_reg[6][23]'.
Info    : Replacing a latch with a logic constant 0. [GLO-14]
        : The instance is 'sum_pipe_reg[6][24]'.
Info    : Replacing a latch with a logic constant 0. [GLO-14]
        : The instance is 'sum_pipe_reg[6][25]'.
Info    : Replacing a latch with a logic constant 0. [GLO-14]
        : The instance is 'sum_pipe_reg[6][26]'.
Info    : Replacing a latch with a logic constant 0. [GLO-14]
        : The instance is 'sum_pipe_reg[6][27]'.
Info    : Replacing a latch with a logic constant 0. [GLO-14]
        : The instance is 'sum_pipe_reg[6][28]'.
Info    : Replacing a latch with a logic constant 0. [GLO-14]
        : The instance is 'sum_pipe_reg[6][29]'.
Info    : Replacing a latch with a logic constant 0. [GLO-14]
        : The instance is 'sum_pipe_reg[6][2]'.
Info    : Replacing a latch with a logic constant 0. [GLO-14]
        : The instance is 'sum_pipe_reg[6][30]'.
Info    : Replacing a latch with a logic constant 0. [GLO-14]
        : The instance is 'sum_pipe_reg[6][31]'.
Info    : Replacing a latch with a logic constant 0. [GLO-14]
        : The instance is 'sum_pipe_reg[6][3]'.
Info    : Replacing a latch with a logic constant 0. [GLO-14]
        : The instance is 'sum_pipe_reg[6][4]'.
Info    : Replacing a latch with a logic constant 0. [GLO-14]
        : The instance is 'sum_pipe_reg[6][5]'.
Info    : Replacing a latch with a logic constant 0. [GLO-14]
        : The instance is 'sum_pipe_reg[6][6]'.
Info    : Replacing a latch with a logic constant 0. [GLO-14]
        : The instance is 'sum_pipe_reg[6][7]'.
Info    : Replacing a latch with a logic constant 0. [GLO-14]
        : The instance is 'sum_pipe_reg[6][8]'.
Info    : Replacing a latch with a logic constant 0. [GLO-14]
        : The instance is 'sum_pipe_reg[6][9]'.
Info    : Replacing a latch with a logic constant 0. [GLO-14]
        : The instance is 'sum_pipe_reg[7][0]'.
Info    : Replacing a latch with a logic constant 0. [GLO-14]
        : The instance is 'sum_pipe_reg[7][10]'.
Info    : Replacing a latch with a logic constant 0. [GLO-14]
        : The instance is 'sum_pipe_reg[7][11]'.
Info    : Replacing a latch with a logic constant 0. [GLO-14]
        : The instance is 'sum_pipe_reg[7][12]'.
Info    : Replacing a latch with a logic constant 0. [GLO-14]
        : The instance is 'sum_pipe_reg[7][13]'.
Info    : Replacing a latch with a logic constant 0. [GLO-14]
        : The instance is 'sum_pipe_reg[7][14]'.
Info    : Replacing a latch with a logic constant 0. [GLO-14]
        : The instance is 'sum_pipe_reg[7][15]'.
Info    : Replacing a latch with a logic constant 0. [GLO-14]
        : The instance is 'sum_pipe_reg[7][16]'.
Info    : Replacing a latch with a logic constant 0. [GLO-14]
        : The instance is 'sum_pipe_reg[7][17]'.
Info    : Replacing a latch with a logic constant 0. [GLO-14]
        : The instance is 'sum_pipe_reg[7][18]'.
Info    : Replacing a latch with a logic constant 0. [GLO-14]
        : The instance is 'sum_pipe_reg[7][19]'.
Info    : Replacing a latch with a logic constant 0. [GLO-14]
        : The instance is 'sum_pipe_reg[7][1]'.
Info    : Replacing a latch with a logic constant 0. [GLO-14]
        : The instance is 'sum_pipe_reg[7][20]'.
Info    : Replacing a latch with a logic constant 0. [GLO-14]
        : The instance is 'sum_pipe_reg[7][21]'.
Info    : Replacing a latch with a logic constant 0. [GLO-14]
        : The instance is 'sum_pipe_reg[7][22]'.
Info    : Replacing a latch with a logic constant 0. [GLO-14]
        : The instance is 'sum_pipe_reg[7][23]'.
Info    : Replacing a latch with a logic constant 0. [GLO-14]
        : The instance is 'sum_pipe_reg[7][24]'.
Info    : Replacing a latch with a logic constant 0. [GLO-14]
        : The instance is 'sum_pipe_reg[7][25]'.
Info    : Replacing a latch with a logic constant 0. [GLO-14]
        : The instance is 'sum_pipe_reg[7][26]'.
Info    : Replacing a latch with a logic constant 0. [GLO-14]
        : The instance is 'sum_pipe_reg[7][27]'.
Info    : Replacing a latch with a logic constant 0. [GLO-14]
        : The instance is 'sum_pipe_reg[7][28]'.
Info    : Replacing a latch with a logic constant 0. [GLO-14]
        : The instance is 'sum_pipe_reg[7][29]'.
Info    : Replacing a latch with a logic constant 0. [GLO-14]
        : The instance is 'sum_pipe_reg[7][2]'.
Info    : Replacing a latch with a logic constant 0. [GLO-14]
        : The instance is 'sum_pipe_reg[7][30]'.
Info    : Replacing a latch with a logic constant 0. [GLO-14]
        : The instance is 'sum_pipe_reg[7][31]'.
Info    : Replacing a latch with a logic constant 0. [GLO-14]
        : The instance is 'sum_pipe_reg[7][3]'.
Info    : Replacing a latch with a logic constant 0. [GLO-14]
        : The instance is 'sum_pipe_reg[7][4]'.
Info    : Replacing a latch with a logic constant 0. [GLO-14]
        : The instance is 'sum_pipe_reg[7][5]'.
Info    : Replacing a latch with a logic constant 0. [GLO-14]
        : The instance is 'sum_pipe_reg[7][6]'.
Info    : Replacing a latch with a logic constant 0. [GLO-14]
        : The instance is 'sum_pipe_reg[7][7]'.
Info    : Replacing a latch with a logic constant 0. [GLO-14]
        : The instance is 'sum_pipe_reg[7][8]'.
Info    : Replacing a latch with a logic constant 0. [GLO-14]
        : The instance is 'sum_pipe_reg[7][9]'.
Info    : Replacing a latch with a logic constant 0. [GLO-14]
        : The instance is 'sum_pipe_reg[8][0]'.
Info    : Replacing a latch with a logic constant 0. [GLO-14]
        : The instance is 'sum_pipe_reg[8][10]'.
Info    : Replacing a latch with a logic constant 0. [GLO-14]
        : The instance is 'sum_pipe_reg[8][11]'.
Info    : Replacing a latch with a logic constant 0. [GLO-14]
        : The instance is 'sum_pipe_reg[8][12]'.
Info    : Replacing a latch with a logic constant 0. [GLO-14]
        : The instance is 'sum_pipe_reg[8][13]'.
Info    : Replacing a latch with a logic constant 0. [GLO-14]
        : The instance is 'sum_pipe_reg[8][14]'.
Info    : Replacing a latch with a logic constant 0. [GLO-14]
        : The instance is 'sum_pipe_reg[8][15]'.
Info    : Replacing a latch with a logic constant 0. [GLO-14]
        : The instance is 'sum_pipe_reg[8][16]'.
Info    : Replacing a latch with a logic constant 0. [GLO-14]
        : The instance is 'sum_pipe_reg[8][17]'.
Info    : Replacing a latch with a logic constant 0. [GLO-14]
        : The instance is 'sum_pipe_reg[8][18]'.
Info    : Replacing a latch with a logic constant 0. [GLO-14]
        : The instance is 'sum_pipe_reg[8][19]'.
Info    : Replacing a latch with a logic constant 0. [GLO-14]
        : The instance is 'sum_pipe_reg[8][1]'.
Info    : Replacing a latch with a logic constant 0. [GLO-14]
        : The instance is 'sum_pipe_reg[8][20]'.
Info    : Replacing a latch with a logic constant 0. [GLO-14]
        : The instance is 'sum_pipe_reg[8][21]'.
Info    : Replacing a latch with a logic constant 0. [GLO-14]
        : The instance is 'sum_pipe_reg[8][22]'.
Info    : Replacing a latch with a logic constant 0. [GLO-14]
        : The instance is 'sum_pipe_reg[8][23]'.
Info    : Replacing a latch with a logic constant 0. [GLO-14]
        : The instance is 'sum_pipe_reg[8][24]'.
Info    : Replacing a latch with a logic constant 0. [GLO-14]
        : The instance is 'sum_pipe_reg[8][25]'.
Info    : Replacing a latch with a logic constant 0. [GLO-14]
        : The instance is 'sum_pipe_reg[8][26]'.
Info    : Replacing a latch with a logic constant 0. [GLO-14]
        : The instance is 'sum_pipe_reg[8][27]'.
Info    : Replacing a latch with a logic constant 0. [GLO-14]
        : The instance is 'sum_pipe_reg[8][28]'.
Info    : Replacing a latch with a logic constant 0. [GLO-14]
        : The instance is 'sum_pipe_reg[8][29]'.
Info    : Replacing a latch with a logic constant 0. [GLO-14]
        : The instance is 'sum_pipe_reg[8][2]'.
Info    : Replacing a latch with a logic constant 0. [GLO-14]
        : The instance is 'sum_pipe_reg[8][30]'.
Info    : Replacing a latch with a logic constant 0. [GLO-14]
        : The instance is 'sum_pipe_reg[8][31]'.
Info    : Replacing a latch with a logic constant 0. [GLO-14]
        : The instance is 'sum_pipe_reg[8][3]'.
Info    : Replacing a latch with a logic constant 0. [GLO-14]
        : The instance is 'sum_pipe_reg[8][4]'.
Info    : Replacing a latch with a logic constant 0. [GLO-14]
        : The instance is 'sum_pipe_reg[8][5]'.
Info    : Replacing a latch with a logic constant 0. [GLO-14]
        : The instance is 'sum_pipe_reg[8][6]'.
Info    : Replacing a latch with a logic constant 0. [GLO-14]
        : The instance is 'sum_pipe_reg[8][7]'.
Info    : Replacing a latch with a logic constant 0. [GLO-14]
        : The instance is 'sum_pipe_reg[8][8]'.
Info    : Replacing a latch with a logic constant 0. [GLO-14]
        : The instance is 'sum_pipe_reg[8][9]'.
Info    : Deleting instances not driving any primary outputs. [GLO-32]
        : Deleting 31 sequential instances.
Mapping Adder_32bit_8_stage to gates.
Info    : Replacing a flip-flop with a logic constant 0. [GLO-12]
        : The instance is 'sum_pipe_reg[0][0]'.
        : This optimization was enabled by the root attribute 'optimize_constant_0_flops'.
Info    : Replacing a flip-flop with a logic constant 0. [GLO-12]
        : The instance is 'sum_pipe_reg[1][10]925'.
Info    : Replacing a flip-flop with a logic constant 0. [GLO-12]
        : The instance is 'sum_pipe_reg[1][11]926'.
Info    : Replacing a flip-flop with a logic constant 0. [GLO-12]
        : The instance is 'sum_pipe_reg[1][12]927'.
Info    : Replacing a flip-flop with a logic constant 0. [GLO-12]
        : The instance is 'sum_pipe_reg[1][13]928'.
Info    : Replacing a flip-flop with a logic constant 0. [GLO-12]
        : The instance is 'sum_pipe_reg[1][14]929'.
Info    : Replacing a flip-flop with a logic constant 0. [GLO-12]
        : The instance is 'sum_pipe_reg[1][15]930'.
Info    : Replacing a flip-flop with a logic constant 0. [GLO-12]
        : The instance is 'sum_pipe_reg[1][16]931'.
Info    : Replacing a flip-flop with a logic constant 0. [GLO-12]
        : The instance is 'sum_pipe_reg[1][17]932'.
Info    : Replacing a flip-flop with a logic constant 0. [GLO-12]
        : The instance is 'sum_pipe_reg[1][18]933'.
Info    : Replacing a flip-flop with a logic constant 0. [GLO-12]
        : The instance is 'sum_pipe_reg[1][19]934'.
Info    : Replacing a flip-flop with a logic constant 0. [GLO-12]
        : The instance is 'sum_pipe_reg[1][20]935'.
Info    : Replacing a flip-flop with a logic constant 0. [GLO-12]
        : The instance is 'sum_pipe_reg[1][21]936'.
Info    : Replacing a flip-flop with a logic constant 0. [GLO-12]
        : The instance is 'sum_pipe_reg[1][22]937'.
Info    : Replacing a flip-flop with a logic constant 0. [GLO-12]
        : The instance is 'sum_pipe_reg[1][23]938'.
Info    : Replacing a flip-flop with a logic constant 0. [GLO-12]
        : The instance is 'sum_pipe_reg[1][24]939'.
Info    : Replacing a flip-flop with a logic constant 0. [GLO-12]
        : The instance is 'sum_pipe_reg[1][25]940'.
Info    : Replacing a flip-flop with a logic constant 0. [GLO-12]
        : The instance is 'sum_pipe_reg[1][26]941'.
Info    : Replacing a flip-flop with a logic constant 0. [GLO-12]
        : The instance is 'sum_pipe_reg[1][27]942'.
Info    : Replacing a flip-flop with a logic constant 0. [GLO-12]
        : The instance is 'sum_pipe_reg[1][28]943'.
Info    : Replacing a flip-flop with a logic constant 0. [GLO-12]
        : The instance is 'sum_pipe_reg[1][29]944'.
Info    : Replacing a flip-flop with a logic constant 0. [GLO-12]
        : The instance is 'sum_pipe_reg[1][30]945'.
Info    : Replacing a flip-flop with a logic constant 0. [GLO-12]
        : The instance is 'sum_pipe_reg[1][31]946'.
Info    : Replacing a flip-flop with a logic constant 0. [GLO-12]
        : The instance is 'sum_pipe_reg[1][4]919'.
Info    : Replacing a flip-flop with a logic constant 0. [GLO-12]
        : The instance is 'sum_pipe_reg[1][5]920'.
Info    : Replacing a flip-flop with a logic constant 0. [GLO-12]
        : The instance is 'sum_pipe_reg[1][6]921'.
Info    : Replacing a flip-flop with a logic constant 0. [GLO-12]
        : The instance is 'sum_pipe_reg[1][7]922'.
Info    : Replacing a flip-flop with a logic constant 0. [GLO-12]
        : The instance is 'sum_pipe_reg[1][8]923'.
Info    : Replacing a flip-flop with a logic constant 0. [GLO-12]
        : The instance is 'sum_pipe_reg[1][9]924'.
Info    : Deleting instances not driving any primary outputs. [GLO-32]
        : Deleting 29 sequential instances.
Warning : Executing jobs using the foreground process until a background server becomes available. [ST-115]
        : No background server processes have been detected yet.  The most common cause for this is that a queueing mechanism (such as LSF) is being used and the jobs are waiting in a queue.
 
Global mapping target info
==========================
Cost Group 'clk' target slack:   295 ps
Target path end-point (Pin: c_pipe_reg[1]947/d)

 
Global mapping status
=====================
                                   Group   
                                  Tot Wrst 
                           Total  Weighted 
Operation                   Area   Slacks  
-------------------------------------------------------------------------------
 global_map                    0        0 
 
Global incremental target info
==============================
Cost Group 'clk' target slack:   197 ps
Target path end-point (Pin: sum_pipe_reg[1][3]918/D (DFFRHQX2/D))

 
Global incremental optimization status
======================================
                                   Group   
                                  Tot Wrst 
                           Total  Weighted 
Operation                   Area   Slacks  
-------------------------------------------------------------------------------
 global_incr                   0        0 
Warning : Failed to establish connection with super-threading server. [ST-111]
        : The server was process '12443' in this host.
        : RC is exiting super-threading mode and failed to establish a connection with a CPU server process.  This could be due to a high cpu load on that host or a networking issue.  If a job queueing mechanism (such as LSF) is being used, perhaps the job was held up in the queue.
Warning : Failed to establish connection with super-threading server. [ST-111]
        : The server was process '12441' in this host.
Error   : A command argument did not match any of the acceptable command options. [TUI-64] [write_hdl]
        : The argument in question is '>>'.
        : Check the command usage and correct the input to the command.

Usage: write_hdl  [-generic] [-suffix <string>] [-abstract] [-depth <integer>]
           [-equation] [-v2001] <subdesign|design>+ [> file]

    [-generic]:
        writes generic (structural) logic 
    [-suffix <string>]:
        specifies the string to be appended to the name of all defined modules 
    [-abstract]:
        writes an empty top-level Verilog module with port declarations 
    [-depth <integer>]:
        specifies the maximum instantiation depth of hierarchies to write out 
        (should be >= 0) 
    [-equation]:
        writes out a logic equation in an assign statement for each Verilog 
        primitive gate 
    [-v2001]:
        writes out the Verilog 2001 attributes attached to the objects 
        (port/inst/pin) 
    <subdesign|design>+:
        the name of the design or subdesign to write out 
Info    : 'Conformal LEC12.1-p100' or later builds is recommended for verification. [WDO-600]
        : The use of 'Conformal LEC12.1-p100' or later builds is recommended to get better verification results.
Generating a dofile for design 'Adder_32bit_8_stage' in file 'fv/Adder_32bit_8_stage/rtl_to_g1.do' ...
Info    : Forcing flat compare. [WDO-212]
        : No hierarchies found in design.
Info    : 'Conformal LEC12.1-p100' or later builds is recommended for verification. [WDO-600]
Generating a dofile for design 'Adder_32bit_8_stage' in file 'fv/Adder_32bit_8_stage/rtl_to_g1_withoutovf.do' ...
Info    : Forcing flat compare. [WDO-212]
        : No hierarchies found in design.
 
Incremental optimization status
===============================
                                   Group   
                                  Tot Wrst - - DRC Totals - -
                           Total  Weighted     Max       Max 
Operation                   Area   Slacks     Trans      Cap 
-------------------------------------------------------------------------------
 init_iopt                     0        0         0        0
Info    : Replacing a flip-flop with a logic constant 0. [GLO-12]
        : The instance is 'sum_pipe_reg[2][18]1062'.
Info    : Replacing a flip-flop with a logic constant 0. [GLO-12]
        : The instance is 'sum_pipe_reg[2][30]1074'.
Info    : Replacing a flip-flop with a logic constant 0. [GLO-12]
        : The instance is 'sum_pipe_reg[2][29]1073'.
Info    : Replacing a flip-flop with a logic constant 0. [GLO-12]
        : The instance is 'sum_pipe_reg[2][9]1053'.
Info    : Replacing a flip-flop with a logic constant 0. [GLO-12]
        : The instance is 'sum_pipe_reg[2][15]1059'.
Info    : Replacing a flip-flop with a logic constant 0. [GLO-12]
        : The instance is 'sum_pipe_reg[2][19]1063'.
Info    : Replacing a flip-flop with a logic constant 0. [GLO-12]
        : The instance is 'sum_pipe_reg[2][20]1064'.
Info    : Replacing a flip-flop with a logic constant 0. [GLO-12]
        : The instance is 'sum_pipe_reg[2][8]1052'.
Info    : Replacing a flip-flop with a logic constant 0. [GLO-12]
        : The instance is 'sum_pipe_reg[2][13]1057'.
Info    : Replacing a flip-flop with a logic constant 0. [GLO-12]
        : The instance is 'sum_pipe_reg[2][31]1075'.
Info    : Replacing a flip-flop with a logic constant 0. [GLO-12]
        : The instance is 'sum_pipe_reg[2][24]1068'.
Info    : Replacing a flip-flop with a logic constant 0. [GLO-12]
        : The instance is 'sum_pipe_reg[2][22]1066'.
Info    : Replacing a flip-flop with a logic constant 0. [GLO-12]
        : The instance is 'sum_pipe_reg[2][11]1055'.
Info    : Replacing a flip-flop with a logic constant 0. [GLO-12]
        : The instance is 'sum_pipe_reg[2][12]1056'.
Info    : Replacing a flip-flop with a logic constant 0. [GLO-12]
        : The instance is 'sum_pipe_reg[2][26]1070'.
Info    : Replacing a flip-flop with a logic constant 0. [GLO-12]
        : The instance is 'sum_pipe_reg[2][27]1071'.
Info    : Replacing a flip-flop with a logic constant 0. [GLO-12]
        : The instance is 'sum_pipe_reg[2][25]1069'.
Info    : Replacing a flip-flop with a logic constant 0. [GLO-12]
        : The instance is 'sum_pipe_reg[2][23]1067'.
Info    : Replacing a flip-flop with a logic constant 0. [GLO-12]
        : The instance is 'sum_pipe_reg[2][21]1065'.
Info    : Replacing a flip-flop with a logic constant 0. [GLO-12]
        : The instance is 'sum_pipe_reg[2][16]1060'.
Info    : Replacing a flip-flop with a logic constant 0. [GLO-12]
        : The instance is 'sum_pipe_reg[2][14]1058'.
Info    : Replacing a flip-flop with a logic constant 0. [GLO-12]
        : The instance is 'sum_pipe_reg[2][10]1054'.
Info    : Replacing a flip-flop with a logic constant 0. [GLO-12]
        : The instance is 'sum_pipe_reg[2][17]1061'.
Info    : Replacing a flip-flop with a logic constant 0. [GLO-12]
        : The instance is 'sum_pipe_reg[2][28]1072'.
Info    : Deleting instances not driving any primary outputs. [GLO-32]
        : Deleting 24 sequential instances.
 
Incremental optimization status (pre-loop)
==========================================
                                   Group   
                                  Tot Wrst - - DRC Totals - -
                           Total  Weighted     Max       Max 
Operation                   Area   Slacks     Trans      Cap 
-------------------------------------------------------------------------------
 simp_cc_inputs                0        0         0        0
 
Incremental optimization status
===============================
                                   Group   
                                  Tot Wrst - - DRC Totals - -
                           Total  Weighted     Max       Max 
Operation                   Area   Slacks     Trans      Cap 
-------------------------------------------------------------------------------
 init_delay                    0        0         0        0
 init_drc                      0        0         0        0
 init_area                     0        0         0        0
 rem_inv_qb                    0        0         0        0
 io_phase                      0        0         0        0
 gcomp_mog                     0        0         0        0
 
Incremental optimization status
===============================
                                   Group   
                                  Tot Wrst - - DRC Totals - -
                           Total  Weighted     Max       Max 
Operation                   Area   Slacks     Trans      Cap 
-------------------------------------------------------------------------------
 init_delay                    0        0         0        0
 init_drc                      0        0         0        0
 init_area                     0        0         0        0

  Done mapping Adder_32bit_8_stage
  Synthesis succeeded.
Warning : Possible timing problems have been detected in this design. [TIM-11]
        : The design is 'Adder_32bit_8_stage'.
        : Use 'report timing -lint' for more information.
Error   : A command argument did not match any of the acceptable command options. [TUI-64] [write_hdl]
        : The argument in question is '>>'.

Usage: write_hdl  [-generic] [-suffix <string>] [-abstract] [-depth <integer>]
           [-equation] [-v2001] <subdesign|design>+ [> file]

    [-generic]:
        writes generic (structural) logic 
    [-suffix <string>]:
        specifies the string to be appended to the name of all defined modules 
    [-abstract]:
        writes an empty top-level Verilog module with port declarations 
    [-depth <integer>]:
        specifies the maximum instantiation depth of hierarchies to write out 
        (should be >= 0) 
    [-equation]:
        writes out a logic equation in an assign statement for each Verilog 
        primitive gate 
    [-v2001]:
        writes out the Verilog 2001 attributes attached to the objects 
        (port/inst/pin) 
    <subdesign|design>+:
        the name of the design or subdesign to write out 
1
Encountered problems processing file: rc_script.tcl
rc:/> gui_show
rc:/> Normal exit.