ncsim: 10.20-s100: (c) Copyright 1995-2011 Cadence Design Systems, Inc.

-------------------------------------
Relinquished control to SimVision...
ncsim> 
ncsim> database -open waves -into waves.shm -default
Created default SHM database waves
ncsim> probe -create -shm subtractor4_test.a subtractor4_test.b subtractor4_test.bin subtractor4_test.bout subtractor4_test.diff
Created probe 1
ncsim> run 80ns
Time = 0 | a = 0101 | b = 0011 | bin = 0 | diff = 0010 | bout = 0
Time = 10000 | a = 0111 | b = 0010 | bin = 1 | diff = 0100 | bout = 0
Time = 20000 | a = 0100 | b = 0100 | bin = 0 | diff = 0000 | bout = 0
Time = 30000 | a = 0010 | b = 0101 | bin = 0 | diff = 1101 | bout = 1
Time = 40000 | a = 0000 | b = 1111 | bin = 0 | diff = 0001 | bout = 1
Time = 50000 | a = 0000 | b = 0000 | bin = 1 | diff = 1111 | bout = 1
Simulation complete via $finish(1) at time 60 NS + 0
./4Bit-subtractor_test.v:32     $finish;
ncsim> ^C
ncsim> exit
ncsim: Memory Usage - 20.7M program + 32.0M data = 52.7M total
ncsim: CPU Usage - 1.8s system + 6.5s user = 8.3s total (127.0s, 6.6% cpu)
