Checking out license 'RTL_Compiler_Ultra'... (0 seconds elapsed)
Reading GUI preferences file '/home/sudipto-uiu/.cadence/rc.gui'.
Finished loading tool scripts (6 seconds elapsed)

                       Cadence Encounter(R) RTL Compiler
               Version v12.10-s012_1 (32-bit), built Jan 26 2013


Copyright notice: Copyright 1997-2012 Cadence Design Systems, Inc. All rights 
reserved worldwide. 

WARNING: This version of RC is 4995 days old.
         Visit downloads.cadence.com for the latest release of RC.


================================================================================
                  Welcome to Cadence Encounter(R) RTL Compiler

Notice: Upcoming end of support for Linux 32-bit.
Support for Linux 32-bit will be discontinued starting with the RC 13.1 release.
To ensure continued access to the forthcoming releases, RC 13.1 and up, you are
advised to start the transitioning to Linux 64-bit.

Here is a quick introduction on how to access our product information.  
If you do not want this message to appear in the future, create an 
initialization file (an empty file will do) in your home directory 
called '~/.cadence/.synth_init'.

  To access the product documentation in HTML and PDF, type 'cdnshelp'
    at the system prompt. 
  For a list of available commands, type 'help'. 
  To view a man page for a command, type 'man <commandName>'.
  To view a man page for an error message, type 'man <messageID>'.
  For a list of all possible object types, type 'get_attribute -help'.
  For a list of all available attributes by object type, type
    'get_attribute * <object_type> -help'.
  For a list of all attributes for every object type, type
    'get_attribute * * -help'
  To list only writable attributes, substitute 'get_attribute' with
    'set_attribute'.
  To get a template script to run RTL Compiler, use the 'write_template'
    command.
  To get a template script to run Conformal based on the current RTL
    Compiler session, use the 'write_do_lec' command.
  
  Obsolete attributes in the current tool version.
  To learn more, type 'get_attribute -help <attribute> <object>'.

            object  attribute
            ------  ---------
       cpf_command  synthesize_complex_expressions
    cpf_command_id  current_set_instance_macro
    cpf_command_id  current_set_instance_module
    cpf_command_id  done_in_apply_cpf
    cpf_command_id  done_in_write_cpf
    cpf_command_id  macro_definition_command
    cpf_command_id  rc_command
            design  dp_perform_rewriting_operations
            design  lp_map_to_srpg_cells
            design  lp_optimize_dynamic_power_first
            design  lp_srpg_pg_driver
            design  ovf_current_verification_directory
          instance  black_box
          instance  dft_inherited_dont_scan
          instance  lp_map_to_srpg_cells
          instance  lp_map_to_srpg_type
          instance  lp_srpg_pg_driver
           libcell  black_box
           libcell  location
               net  logic0_driven
               net  logic1_driven
              root  auto_ungroup_min_effort
              root  degenerate_complex_seqs
              root  disable_power_mode
              root  dp_area_mode
              root  dp_perform_csa_operations
              root  dp_perform_rewriting_operations
              root  dp_perform_sharing_operations
              root  dp_perform_speculation_operations
              root  enable_parallel_iopt
              root  exact_match_seqs_async_controls
              root  hdl_flatten_array
              root  hdl_old_reg_naming
              root  hdl_reg_naming_style_scalar
              root  hdl_reg_naming_style_vector
              root  hdl_trim_target_index
              root  ignore_unknown_embedded_commands
              root  lbr_async_clr_pre_seqs_interchangable
              root  ovf_mode
              root  ovf_verification_directory
              root  ple_parameter_source_priority
              root  pqos_virtual_buffer
              root  retime_preserve_state_points
              root  wlec_env_var
              root  wlec_flat_r2n
              root  wlec_no_exit
              root  wlec_old_lp_ec_flow
              root  wlec_save_ssion
              root  wlec_sim_lib
              root  wlec_sim_plus_lib
              root  wlec_skip_iso_check_hier_compare
              root  wlec_skip_lvl_check_hier_compare
              root  wlec_verbose
         subdesign  allow_csa_subdesign
         subdesign  allow_sharing_subdesign
         subdesign  allow_speculation_subdesign
         subdesign  auto_ungroup_ok
         subdesign  dp_perform_rewriting_operations

Send us feedback at rc_feedback@cadence.com.
================================================================================

Sourcing './rc_script.tcl' (Wed Sep 30 06:14:44 +0600 2026)...
  Setting attribute of root '/': 'lib_search_path' = ../lib/
  Setting attribute of root '/': 'hdl_search_path' = ../rtl/
Info    : Created nominal operating condition. [LBR-412]
        : Operating condition '_nominal_' was created for the PVT values (1.000000, 1.080000, 125.000000) in library 'slow.lib'.
        : The nominal operating condition represents either the nominal PVT values if specified in the library source, or the default PVT values (1.0, 1.0, 1.0).

  Message Summary for Library slow.lib:
  *************************************
  Found 'statetable' group in cell. [LBR-83]: 16
  Created nominal operating condition. [LBR-412]: 1
 
Info    : Found library cells that are unusable for mapping. [LBR-415]
        : Library: 'slow.lib', Total cells: 477, Usable cells: 452, Cells unusable for mapping: 25.
	List of unusable cells: 'HOLDX1 TLATNCAX12 TLATNCAX2 TLATNCAX20 TLATNCAX6 TLATNSRX4 TLATNSRXL TLATNTSCAX16 TLATNTSCAX4 TLATNTSCAX8 ... and others.'
        : The number of unusable cells that is listed depends on the setting of the 'information_level' root attribute. If set to a value less than 6, the list is limited to 10 unusable cells. If set to a value equal to or higher than 6, all unusable cells are listed.
  Setting attribute of root '/': 'library' = slow.lib
Info    : Found library cells that are unusable for mapping. [LBR-415]
        : Library: 'slow.lib', Total cells: 477, Usable cells: 452, Cells unusable for mapping: 25.
	List of unusable cells: 'HOLDX1 TLATNCAX12 TLATNCAX2 TLATNCAX20 TLATNCAX6 TLATNSRX4 TLATNSRXL TLATNTSCAX16 TLATNTSCAX4 TLATNTSCAX8 ... and others.'
  Library has 324 usable logic and 126 usable sequential lib-cells.
Info    : Elaborating Design. [ELAB-1]
        : Elaborating top-level block 'cntr4bit' from file '../rtl/cntr4bit.v'.
Info    : Done Elaborating Design. [ELAB-3]
        : Done elaborating 'cntr4bit'.
Statistics for commands executed by read_sdc:
 "create_clock"            - successful      1 , failed      0 (runtime  0.00)
 "get_clocks"              - successful      5 , failed      0 (runtime  0.00)
 "get_ports"               - successful      3 , failed      0 (runtime  0.00)
 "set_clock_transition"    - successful      2 , failed      0 (runtime  0.00)
 "set_clock_uncertainty"   - successful      1 , failed      0 (runtime  0.00)
 "set_input_delay"         - successful      1 , failed      0 (runtime  0.00)
 "set_output_delay"        - successful      1 , failed      0 (runtime  0.00)
Total runtime 0
Info    : Deleting instances not driving any primary outputs. [GLO-32]
        : Deleting 1 hierarchical instance.
        : Optimizations such as constant propagation or redundancy removal could change the connections so an instance does not drive any primary outputs anymore. To see the list of deleted instances, set the 'information_level' attribute to 2 or above.
        Trying carrysave optimization (configuration 1 of 1) on module 'cntr4bit'...
Info    : Done carrysave optimization. [RTLOPT-20]
        : There is 1 CSA group in module 'cntr4bit'... Accepted.
Mapping cntr4bit to gates.
 
Global mapping target info
==========================
Cost Group 'clk' target slack:   266 ps
Target path end-point (Port: cntr4bit/count[0])

 
Global mapping status
=====================
                                   Group   
                                  Tot Wrst 
                           Total  Weighted 
Operation                   Area   Slacks  
-------------------------------------------------------------------------------
 global_map                    0        0 
 
Global incremental target info
==============================
Cost Group 'clk' target slack:   178 ps
Target path end-point (Port: cntr4bit/count[2])

 
Global incremental optimization status
======================================
                                   Group   
                                  Tot Wrst 
                           Total  Weighted 
Operation                   Area   Slacks  
-------------------------------------------------------------------------------
 global_incr                   0        0 
Error   : A command argument did not match any of the acceptable command options. [TUI-64] [write_hdl]
        : The argument in question is '>>'.
        : Check the command usage and correct the input to the command.

Usage: write_hdl  [-generic] [-suffix <string>] [-abstract] [-depth <integer>]
           [-equation] [-v2001] <subdesign|design>+ [> file]

    [-generic]:
        writes generic (structural) logic 
    [-suffix <string>]:
        specifies the string to be appended to the name of all defined modules 
    [-abstract]:
        writes an empty top-level Verilog module with port declarations 
    [-depth <integer>]:
        specifies the maximum instantiation depth of hierarchies to write out 
        (should be >= 0) 
    [-equation]:
        writes out a logic equation in an assign statement for each Verilog 
        primitive gate 
    [-v2001]:
        writes out the Verilog 2001 attributes attached to the objects 
        (port/inst/pin) 
    <subdesign|design>+:
        the name of the design or subdesign to write out 
Info    : 'Conformal LEC12.1-p100' or later builds is recommended for verification. [WDO-600]
        : The use of 'Conformal LEC12.1-p100' or later builds is recommended to get better verification results.
Generating a dofile for design 'cntr4bit' in file 'fv/cntr4bit/rtl_to_g1.do' ...
Info    : Forcing flat compare. [WDO-212]
        : No hierarchies found in design.
Info    : 'Conformal LEC12.1-p100' or later builds is recommended for verification. [WDO-600]
Generating a dofile for design 'cntr4bit' in file 'fv/cntr4bit/rtl_to_g1_withoutovf.do' ...
Info    : Forcing flat compare. [WDO-212]
        : No hierarchies found in design.
 
Incremental optimization status
===============================
                                   Group   
                                  Tot Wrst - - DRC Totals - -
                           Total  Weighted     Max       Max 
Operation                   Area   Slacks     Trans      Cap 
-------------------------------------------------------------------------------
 init_iopt                     0        0         0        0
 
Incremental optimization status (pre-loop)
==========================================
                                   Group   
                                  Tot Wrst - - DRC Totals - -
                           Total  Weighted     Max       Max 
Operation                   Area   Slacks     Trans      Cap 
-------------------------------------------------------------------------------
 simp_cc_inputs                0        0         0        0
 
Incremental optimization status
===============================
                                   Group   
                                  Tot Wrst - - DRC Totals - -
                           Total  Weighted     Max       Max 
Operation                   Area   Slacks     Trans      Cap 
-------------------------------------------------------------------------------
 init_delay                    0        0         0        0
 init_drc                      0        0         0        0
 init_area                     0        0         0        0
 rem_inv_qb                    0        0         0        0
 
Incremental optimization status
===============================
                                   Group   
                                  Tot Wrst - - DRC Totals - -
                           Total  Weighted     Max       Max 
Operation                   Area   Slacks     Trans      Cap 
-------------------------------------------------------------------------------
 init_delay                    0        0         0        0
 init_drc                      0        0         0        0
 init_area                     0        0         0        0

  Done mapping cntr4bit
  Synthesis succeeded.
Warning : Possible timing problems have been detected in this design. [TIM-11]
        : The design is 'cntr4bit'.
        : Use 'report timing -lint' for more information.
============================================================
  Generated by:           Encounter(R) RTL Compiler v12.10-s012_1
  Generated on:           Sep 30 2026  06:14:46 am
  Module:                 cntr4bit
  Technology library:     gpdk045bc 
  Operating conditions:   slow (balanced_tree)
  Wireload mode:          enclosed
  Area mode:              timing library
============================================================

       Pin              Type       Fanout Load Slew Delay Arrival   
                                          (fF) (ps)  (ps)   (ps)    
--------------------------------------------------------------------
(clock clk)           launch                                    0 R 
count_reg[3]/CK                                 100             0 R 
count_reg[3]/Q        SDFFRX4           2  0.6   42  +330     330 R 
count[3]              out port                         +0     330 R 
(cntr4bit.g_line_6)   ext delay                     +1000    1330 R 
- - - - - - - - - - - - - - - - - - - - - - - - - - - - - - - - - - 
(clock clk)           capture                               10000 R 
                      uncertainty                    -100    9900 R 
--------------------------------------------------------------------
Cost Group   : 'clk' (path_group 'clk')
Timing slack :    8570ps 
Start-point  : count_reg[3]/CK
End-point    : count[3]

============================================================
  Generated by:           Encounter(R) RTL Compiler v12.10-s012_1
  Generated on:           Sep 30 2026  06:14:46 am
  Module:                 cntr4bit
  Technology library:     gpdk045bc 
  Operating conditions:   slow (balanced_tree)
  Wireload mode:          enclosed
  Area mode:              timing library
============================================================

                Leakage   Dynamic    Total   
Instance Cells Power(nW) Power(nW) Power(nW) 
---------------------------------------------
cntr4bit     7     3.021  8367.397  8370.418 

Error   : A command argument did not match any of the acceptable command options. [TUI-64] [write_hdl]
        : The argument in question is '>>'.

Usage: write_hdl  [-generic] [-suffix <string>] [-abstract] [-depth <integer>]
           [-equation] [-v2001] <subdesign|design>+ [> file]

    [-generic]:
        writes generic (structural) logic 
    [-suffix <string>]:
        specifies the string to be appended to the name of all defined modules 
    [-abstract]:
        writes an empty top-level Verilog module with port declarations 
    [-depth <integer>]:
        specifies the maximum instantiation depth of hierarchies to write out 
        (should be >= 0) 
    [-equation]:
        writes out a logic equation in an assign statement for each Verilog 
        primitive gate 
    [-v2001]:
        writes out the Verilog 2001 attributes attached to the objects 
        (port/inst/pin) 
    <subdesign|design>+:
        the name of the design or subdesign to write out 
1
Encountered problems processing file: rc_script.tcl
rc:/> 
*** INTERRUPTED *** [signal 1]