ncsim: 10.20-s100: (c) Copyright 1995-2011 Cadence Design Systems, Inc.

-------------------------------------
Relinquished control to SimVision...
ncsim> 
ncsim> database -open waves -into waves.shm -default
Created default SHM database waves
ncsim> probe -create -shm Adder_32bit_8_stage_test.a Adder_32bit_8_stage_test.a_q Adder_32bit_8_stage_test.b Adder_32bit_8_stage_test.b_q Adder_32bit_8_stage_test.c_q Adder_32bit_8_stage_test.cin Adder_32bit_8_stage_test.clk Adder_32bit_8_stage_test.cout Adder_32bit_8_stage_test.errors Adder_32bit_8_stage_test.expected Adder_32bit_8_stage_test.k Adder_32bit_8_stage_test.rst Adder_32bit_8_stage_test.sum
Created probe 1
ncsim> run 80ns
Time=15000 MISMATCH: a=xxxxxxxx b=xxxxxxxx cin=x -> sum=00000000 cout=0 (expected sum=xxxxxxxx cout=x)
Time=25000 MISMATCH: a=xxxxxxxx b=xxxxxxxx cin=x -> sum=00000000 cout=0 (expected sum=xxxxxxxx cout=x)
Time=35000 MISMATCH: a=xxxxxxxx b=xxxxxxxx cin=x -> sum=00000000 cout=0 (expected sum=xxxxxxxx cout=x)
Time=45000 MISMATCH: a=xxxxxxxx b=xxxxxxxx cin=x -> sum=00000000 cout=0 (expected sum=xxxxxxxx cout=x)
Time=55000 MISMATCH: a=xxxxxxxx b=xxxxxxxx cin=x -> sum=00000000 cout=0 (expected sum=xxxxxxxx cout=x)
Time=65000 MISMATCH: a=xxxxxxxx b=xxxxxxxx cin=x -> sum=00000000 cout=0 (expected sum=xxxxxxxx cout=x)
Time=75000 MISMATCH: a=xxxxxxxx b=xxxxxxxx cin=x -> sum=00000000 cout=0 (expected sum=xxxxxxxx cout=x)
Ran until 80 NS + 0
ncsim> ^C
ncsim> exit
ncsim: Memory Usage - 20.7M program + 32.2M data = 52.8M total
ncsim: CPU Usage - 76.2s system + 18.1s user = 94.2s total (897.3s, 10.5% cpu)
