ncsim: 10.20-s100: (c) Copyright 1995-2011 Cadence Design Systems, Inc.

-------------------------------------
Relinquished control to SimVision...
ncsim> 
ncsim> database -open waves -into waves.shm -default
Created default SHM database waves
ncsim> probe -create -shm fulladder32_test.a fulladder32_test.b fulladder32_test.cin fulladder32_test.cout fulladder32_test.sum
Created probe 1
ncsim> run 80ns
Time = 0 | a = 00000000000000001111111111111111 | b = 00000000000000000000000000000001 | cin = 0 | sum = 00000000000000010000000000000000 | cout = 0
Time = 10000 | a = 11111111111111111111111111111111 | b = 00000000000000000000000000000000 | cin = 1 | sum = 00000000000000000000000000000000 | cout = 1
Time = 20000 | a = 01111111111111111111111111111111 | b = 00000000000000000000000000000001 | cin = 0 | sum = 10000000000000000000000000000000 | cout = 0
Time = 30000 | a = 10000000000000000000000000000000 | b = 10000000000000000000000000000000 | cin = 0 | sum = 00000000000000000000000000000000 | cout = 1
Time = 40000 | a = 11111111111111111111111111111111 | b = 11111111111111111111111111111111 | cin = 1 | sum = 11111111111111111111111111111111 | cout = 1
Time = 50000 | a = 00000000000000000000000000000000 | b = 00000000000000000000000000000000 | cin = 0 | sum = 00000000000000000000000000000000 | cout = 0
Simulation complete via $finish(1) at time 60 NS + 0
./32Bit-FullAdder_test.v:26     $finish;
ncsim> run -step
ncsim: *E,RNFNSH: Cannot continue simulation due to a previous $finish.
ncsim> ^C
ncsim> exit
ncsim: Memory Usage - 20.7M program + 32.0M data = 52.7M total
ncsim: CPU Usage - 10.2s system + 24.1s user = 34.3s total (564.4s, 6.1% cpu)
