ncsim: 10.20-s100: (c) Copyright 1995-2011 Cadence Design Systems, Inc.

-------------------------------------
Relinquished control to SimVision...
ncsim> 
ncsim> database -open waves -into waves.shm -default
Created default SHM database waves
ncsim> probe -create -shm d_ff_test.clk d_ff_test.d d_ff_test.q d_ff_test.rst
Created probe 1
ncsim> run 80ns
Time = 0 | rst = 0 | clk = 0 | d = 0 | q = 0
Time = 5000 | rst = 0 | clk = 1 | d = 0 | q = 0
Time = 10000 | rst = 1 | clk = 0 | d = 0 | q = 0
Time = 15000 | rst = 1 | clk = 1 | d = 0 | q = 0
Time = 20000 | rst = 1 | clk = 0 | d = 1 | q = 0
Time = 25000 | rst = 1 | clk = 1 | d = 1 | q = 1
Time = 30000 | rst = 1 | clk = 0 | d = 0 | q = 1
Time = 35000 | rst = 1 | clk = 1 | d = 0 | q = 0
Time = 40000 | rst = 1 | clk = 0 | d = 1 | q = 0
Time = 45000 | rst = 1 | clk = 1 | d = 1 | q = 1
Simulation complete via $finish(1) at time 50 NS + 0
./d_ff_test.v:27     $finish;
ncsim> ^C
ncsim> exit
ncsim: Memory Usage - 20.7M program + 31.9M data = 52.5M total
ncsim: CPU Usage - 4.1s system + 5.3s user = 9.4s total (83.5s, 11.3% cpu)
